Microchip MPLAB XC8 Compiler V1.41 ()

Linker command line:

-W-3 --edf=C:\Program Files (x86)\Microchip\xc8\v1.41\dat\en_msgs.txt -cs \
  -h+dist/default/production\TXController.X.production.sym \
  --cmf=dist/default/production\TXController.X.production.cmf -z -Q12LF1822 \
  -oC:\Users\Mark\AppData\Local\Temp\s9qg.2 \
  -Mdist/default/production/TXController.X.production.map -E1 -ver=XC8 \
  -ASTACK=0203Fh-0204fh -pstack=STACK -ACODE=00h-07FFh -ASTRCODE=00h-07FFh \
  -ASTRING=00h-0FFhx8 -ACONST=00h-0FFhx8 -AENTRY=00h-0FFhx8 \
  -ACOMMON=070h-07Fh -ABANK0=020h-06Fh -ABANK1=0A0h-0BFh \
  -ABIGRAM=02000h-0206Fh -ARAM=020h-06Fh,0A0h-0BFh \
  -AABS1=020h-07Fh,0A0h-0BFh -ASFR0=00h-01Fh -ASFR1=080h-09Fh \
  -ASFR2=0100h-016Fh -ASFR3=0180h-01EFh -ASFR4=0200h-026Fh \
  -ASFR5=0280h-02EFh -ASFR6=0300h-036Fh -ASFR7=0380h-03EFh \
  -ASFR8=0400h-046Fh -ASFR9=0480h-04EFh -ASFR10=0500h-056Fh \
  -ASFR11=0580h-05EFh -ASFR12=0600h-066Fh -ASFR13=0680h-06EFh \
  -ASFR14=0700h-076Fh -ASFR15=0780h-07EFh -ASFR16=0800h-086Fh \
  -ASFR17=0880h-08EFh -ASFR18=0900h-096Fh -ASFR19=0980h-09EFh \
  -ASFR20=0A00h-0A6Fh -ASFR21=0A80h-0AEFh -ASFR22=0B00h-0B6Fh \
  -ASFR23=0B80h-0BEFh -ASFR24=0C00h-0C6Fh -ASFR25=0C80h-0CEFh \
  -ASFR26=0D00h-0D6Fh -ASFR27=0D80h-0DEFh -ASFR28=0E00h-0E6Fh \
  -ASFR29=0E80h-0EEFh -ASFR30=0F00h-0F6Fh -ASFR31=0F80h-0FEFh \
  -preset_vec=00h,intentry=04h,init,end_init -ppowerup=CODE -pcinit=CODE \
  -pfunctab=CODE -ACONFIG=08007h-08008h -pconfig=CONFIG -DCONFIG=2 \
  -AIDLOC=08000h-08003h -pidloc=IDLOC -DIDLOC=2 -AEEDATA=00h-0FFh/0F000h \
  -peeprom_data=EEDATA -DEEDATA=2 -DCODE=2 -DSTRCODE=2 -DSTRING=2 -DCONST=2 \
  -DENTRY=2 -k C:\Users\Mark\AppData\Local\Temp\s9qg.obj \
  dist/default/production\TXController.X.production.obj 

Object code version is 3.11

Machine type is 12LF1822



                Name                               Link     Load   Length Selector   Space Scale
C:\Users\Mark\AppData\Local\Temp\s9qg.obj
                end_init                             11       11        1        8       0
                reset_vec                             0        0        1        0       0
                config                             8007     8007        2    1000E       0
dist/default/production\TXController.X.production.obj
                cinit                                12       12       1E        8       0
                intentry                              4        4        D        8       0
                text38                              44F      44F        E      1F0       0
                text37                              26E      26E       36      1F0       0
                text36                              352      352       1A      1F0       0
                text35                              18F      18F       96      1F0       0
                text33                              39B      39B       17      1F0       0
                text32                              424      424        F      1F0       0
                text31                              31D      31D       1B      1F0       0
                text30                              2D2      2D2       2B      1F0       0
                text29                              4D6      4D6        4      1F0       0
                text28                              4D2      4D2        4      1F0       0
                text27                              415      415        F      1F0       0
                text26                               F8       F8       97      1F0       0
                text25                              384      384       17      1F0       0
                text24                              3D6      3D6       12      1F0       0
                text23                              4DF      4DF        1      1F0       0
                text22                              406      406        F      1F0       0
                text21                              49E      49E        D      1F0       0
                text20                              491      491        D      1F0       0
                text19                              484      484        D      1F0       0
                text18                              477      477        D      1F0       0
                text17                              46A      46A        D      1F0       0
                text16                              45D      45D        D      1F0       0
                text15                              36C      36C       18      1F0       0
                text14                              225      225       49      1F0       0
                text13                              441      441        E      1F0       0
                text12                              4AB      4AB        C      1F0       0
                text11                              3F7      3F7        F      1F0       0
                text10                              3E8      3E8        F      1F0       0
                text9                               4B7      4B7        B      1F0       0
                text8                               338      338       1A      1F0       0
                text7                               433      433        E      1F0       0
                text6                               2A4      2A4       2E      1F0       0
                text5                               2FD      2FD       20      1F0       0
                text4                               4DA      4DA        3      1F0       0
                text3                               3C4      3C4       12      1F0       0
                text2                               3B2      3B2       12      1F0       0
                text1                               4DD      4DD        2      1F0       0
                maintext                            4C8      4C8        6      1F0       0
                cstackBANK0                          48       48       12       20       1
                cstackCOMMON                         77       77        7       70       1
                clrtext                             4C2      4C2        6      1F0       0
                bssBANK1                             A0       A0       14       A0       1
                dataBANK0                            5A       5A        4       20       1
                bssBANK0                             20       20       28       20       1
                bssCOMMON                            70       70        7       70       1
                nvBANK0                              5E       5E        1       20       1
                stringtext                           30       30       C8       60       0
                idataBANK0                          4CE      4CE        4      1F0       0

TOTAL           Name                               Link     Load   Length     Space
        CLASS   STACK          

        CLASS   CODE           
                end_init                             11       11        1         0
                cinit                                12       12       1E         0
                intentry                              4        4        D         0
                reset_vec                             0        0        1         0
                text38                              44F      44F        E         0
                text37                              26E      26E       36         0
                text36                              352      352       1A         0
                text35                              18F      18F       96         0
                text33                              39B      39B       17         0
                text32                              424      424        F         0
                text31                              31D      31D       1B         0
                text30                              2D2      2D2       2B         0
                text29                              4D6      4D6        4         0
                text28                              4D2      4D2        4         0
                text27                              415      415        F         0
                text26                               F8       F8       97         0
                text25                              384      384       17         0
                text24                              3D6      3D6       12         0
                text23                              4DF      4DF        1         0
                text22                              406      406        F         0
                text21                              49E      49E        D         0
                text20                              491      491        D         0
                text19                              484      484        D         0
                text18                              477      477        D         0
                text17                              46A      46A        D         0
                text16                              45D      45D        D         0
                text15                              36C      36C       18         0
                text14                              225      225       49         0
                text13                              441      441        E         0
                text12                              4AB      4AB        C         0
                text11                              3F7      3F7        F         0
                text10                              3E8      3E8        F         0
                text9                               4B7      4B7        B         0
                text8                               338      338       1A         0
                text7                               433      433        E         0
                text6                               2A4      2A4       2E         0
                text5                               2FD      2FD       20         0
                text4                               4DA      4DA        3         0
                text3                               3C4      3C4       12         0
                text2                               3B2      3B2       12         0
                text1                               4DD      4DD        2         0
                maintext                            4C8      4C8        6         0
                clrtext                             4C2      4C2        6         0
                idataBANK0                          4CE      4CE        4         0

        CLASS   STRCODE        
                stringtext                           30       30       C8         0

        CLASS   STRING         

        CLASS   CONST          

        CLASS   ENTRY          

        CLASS   COMMON         
                cstackCOMMON                         77       77        7         1
                bssCOMMON                            70       70        7         1

        CLASS   BANK0          
                cstackBANK0                          48       48       12         1
                dataBANK0                            5A       5A        4         1
                bssBANK0                             20       20       28         1
                nvBANK0                              5E       5E        1         1

        CLASS   BANK1          
                bssBANK1                             A0       A0       14         1

        CLASS   BIGRAM         

        CLASS   RAM            

        CLASS   ABS1           
                abs_s1                               7E       7E        2         1

        CLASS   SFR0           

        CLASS   SFR1           

        CLASS   SFR2           

        CLASS   SFR3           

        CLASS   SFR4           

        CLASS   SFR5           

        CLASS   SFR6           

        CLASS   SFR7           

        CLASS   SFR8           

        CLASS   SFR9           

        CLASS   SFR10          

        CLASS   SFR11          

        CLASS   SFR12          

        CLASS   SFR13          

        CLASS   SFR14          

        CLASS   SFR15          

        CLASS   SFR16          

        CLASS   SFR17          

        CLASS   SFR18          

        CLASS   SFR19          

        CLASS   SFR20          

        CLASS   SFR21          

        CLASS   SFR22          

        CLASS   SFR23          

        CLASS   SFR24          

        CLASS   SFR25          

        CLASS   SFR26          

        CLASS   SFR27          

        CLASS   SFR28          

        CLASS   SFR29          

        CLASS   SFR30          

        CLASS   SFR31          

        CLASS   CONFIG         
                config                             8007     8007        2         0

        CLASS   IDLOC          

        CLASS   EEDATA         

        CLASS   BANK31         

        CLASS   BANK30         

        CLASS   BANK29         

        CLASS   BANK28         

        CLASS   BANK27         

        CLASS   BANK26         

        CLASS   BANK25         

        CLASS   BANK24         

        CLASS   BANK23         

        CLASS   BANK22         

        CLASS   BANK21         

        CLASS   BANK20         

        CLASS   BANK19         

        CLASS   BANK18         

        CLASS   BANK17         

        CLASS   BANK16         

        CLASS   BANK15         

        CLASS   BANK14         

        CLASS   BANK13         

        CLASS   BANK12         

        CLASS   BANK11         

        CLASS   BANK10         

        CLASS   BANK9          

        CLASS   BANK8          

        CLASS   BANK7          

        CLASS   BANK6          

        CLASS   BANK5          

        CLASS   BANK4          

        CLASS   BANK3          

        CLASS   BANK2          



SEGMENTS        Name                           Load    Length   Top    Selector   Space  Class     Delta

                reset_vec                      000000  000001  000001         0       0  CODE        2
                intentry                       000004  00002C  000030         8       0  CODE        2
                bssBANK0                       000020  00003F  00005F        20       1  BANK0       1
                stringtext                     000030  0000C8  0000F8        60       0  STRCODE     2
                bssCOMMON                      000070  00000E  00007E        70       1  COMMON      1
                bssBANK1                       0000A0  000014  0000B4        A0       1  BANK1       1
                text26                         0000F8  0003E8  0004E0       1F0       0  CODE        2
                config                         008007  000002  008009     1000E       0  CONFIG      2


UNUSED ADDRESS RANGES

        Name                Unused          Largest block    Delta
        BANK0            0005F-0006F              11           1
        BANK1            000B4-000BF               C           1
        BIGRAM           02000-0206F              70           1
        CODE             00001-00003               3           2
                         004E0-007FF             320
        CONST            00001-00003               3           2
                         004E0-007FF             100
        EEDATA           0F000-0F0FF             100           2
        ENTRY            00001-00003               3           2
                         004E0-007FF             100
        IDLOC            08000-08003               4           2
        RAM              0005F-0006F              11           1
                         000B4-000BF               C
        SFR0             00000-0001F              20           1
        SFR1             00080-0009F              20           1
        SFR10            00500-0056F              70           1
        SFR11            00580-005EF              70           1
        SFR12            00600-0066F              70           1
        SFR13            00680-006EF              70           1
        SFR14            00700-0076F              70           1
        SFR15            00780-007EF              70           1
        SFR16            00800-0086F              70           1
        SFR17            00880-008EF              70           1
        SFR18            00900-0096F              70           1
        SFR19            00980-009EF              70           1
        SFR2             00100-0016F              70           1
        SFR20            00A00-00A6F              70           1
        SFR21            00A80-00AEF              70           1
        SFR22            00B00-00B6F              70           1
        SFR23            00B80-00BEF              70           1
        SFR24            00C00-00C6F              70           1
        SFR25            00C80-00CEF              70           1
        SFR26            00D00-00D6F              70           1
        SFR27            00D80-00DEF              70           1
        SFR28            00E00-00E6F              70           1
        SFR29            00E80-00EEF              70           1
        SFR3             00180-001EF              70           1
        SFR30            00F00-00F6F              70           1
        SFR31            00F80-00FEF              70           1
        SFR4             00200-0026F              70           1
        SFR5             00280-002EF              70           1
        SFR6             00300-0036F              70           1
        SFR7             00380-003EF              70           1
        SFR8             00400-0046F              70           1
        SFR9             00480-004EF              70           1
        STACK            0203F-0204F              11           1
        STRCODE          00001-00003               3           2
                         004E0-007FF             320
        STRING           00001-00003               3           2
                         004E0-007FF             100

                                  Symbol Table

?_timerRead                   cstackBANK0  00048
_ANSELAbits                   (abs)        0018C
_INTCONbits                   (abs)        0000B
_IOCAFbits                    (abs)        00393
_IOCANbits                    (abs)        00392
_IOCAPbits                    (abs)        00391
_IOCInterrupt                 text37       0026E
_ISRCode                      intentry     00004
_LATAbits                     (abs)        0010C
_LEDInit                      text12       004AB
_LEDService                   text31       0031D
_LEDTimer                     bssBANK0     00043
_OSCCONbits                   (abs)        00099
_PIE1bits                     (abs)        00091
_PIR1bits                     (abs)        00011
_PORTAbits                    (abs)        0000C
_PR2                          (abs)        0001B
_T1CONbits                    (abs)        00018
_T1GCONbits                   (abs)        00019
_T2CONbits                    (abs)        0001C
_TMR1                         (abs)        00016
_TRISAbits                    (abs)        0008C
_WDTCONbits                   (abs)        00097
__CFG_BOREN$ON                (abs)        00000
__CFG_BORV$LO                 (abs)        00000
__CFG_CLKOUTEN$OFF            (abs)        00000
__CFG_CP$OFF                  (abs)        00000
__CFG_CPD$OFF                 (abs)        00000
__CFG_FCMEN$OFF               (abs)        00000
__CFG_FOSC$INTOSC             (abs)        00000
__CFG_IESO$OFF                (abs)        00000
__CFG_LVP$OFF                 (abs)        00000
__CFG_MCLRE$OFF               (abs)        00000
__CFG_PLLEN$ON                (abs)        00000
__CFG_PWRTE$OFF               (abs)        00000
__CFG_STVREN$OFF              (abs)        00000
__CFG_WDTE$ON                 (abs)        00000
__CFG_WRT$OFF                 (abs)        00000
__Habs1                       abs1         00000
__Hbank0                      bank0        00000
__Hbank1                      bank1        00000
__Hbank10                     bank10       00000
__Hbank11                     bank11       00000
__Hbank12                     bank12       00000
__Hbank13                     bank13       00000
__Hbank14                     bank14       00000
__Hbank15                     bank15       00000
__Hbank16                     bank16       00000
__Hbank17                     bank17       00000
__Hbank18                     bank18       00000
__Hbank19                     bank19       00000
__Hbank2                      bank2        00000
__Hbank20                     bank20       00000
__Hbank21                     bank21       00000
__Hbank22                     bank22       00000
__Hbank23                     bank23       00000
__Hbank24                     bank24       00000
__Hbank25                     bank25       00000
__Hbank26                     bank26       00000
__Hbank27                     bank27       00000
__Hbank28                     bank28       00000
__Hbank29                     bank29       00000
__Hbank3                      bank3        00000
__Hbank30                     bank30       00000
__Hbank31                     bank31       00000
__Hbank4                      bank4        00000
__Hbank5                      bank5        00000
__Hbank6                      bank6        00000
__Hbank7                      bank7        00000
__Hbank8                      bank8        00000
__Hbank9                      bank9        00000
__Hbigram                     bigram       00000
__HbssBANK0                   bssBANK0     00000
__HbssBANK1                   bssBANK1     00000
__HbssCOMMON                  bssCOMMON    00000
__Hcinit                      cinit        00030
__Hclrtext                    clrtext      00000
__Hcode                       code         00000
__Hcommon                     common       00000
__Hconfig                     config       08009
__HcstackBANK0                cstackBANK0  00000
__HcstackCOMMON               cstackCOMMON 00000
__HdataBANK0                  dataBANK0    00000
__Heeprom_data                eeprom_data  00000
__Hend_init                   end_init     00012
__Hfunctab                    functab      00000
__HidataBANK0                 idataBANK0   00000
__Hidloc                      idloc        00000
__Hinit                       init         00011
__Hintentry                   intentry     00011
__Hmaintext                   maintext     00000
__HnvBANK0                    nvBANK0      00000
__Hpowerup                    powerup      00000
__Hram                        ram          00000
__Hreset_vec                  reset_vec    00001
__Hsfr0                       sfr0         00000
__Hsfr1                       sfr1         00000
__Hsfr10                      sfr10        00000
__Hsfr11                      sfr11        00000
__Hsfr12                      sfr12        00000
__Hsfr13                      sfr13        00000
__Hsfr14                      sfr14        00000
__Hsfr15                      sfr15        00000
__Hsfr16                      sfr16        00000
__Hsfr17                      sfr17        00000
__Hsfr18                      sfr18        00000
__Hsfr19                      sfr19        00000
__Hsfr2                       sfr2         00000
__Hsfr20                      sfr20        00000
__Hsfr21                      sfr21        00000
__Hsfr22                      sfr22        00000
__Hsfr23                      sfr23        00000
__Hsfr24                      sfr24        00000
__Hsfr25                      sfr25        00000
__Hsfr26                      sfr26        00000
__Hsfr27                      sfr27        00000
__Hsfr28                      sfr28        00000
__Hsfr29                      sfr29        00000
__Hsfr3                       sfr3         00000
__Hsfr30                      sfr30        00000
__Hsfr31                      sfr31        00000
__Hsfr4                       sfr4         00000
__Hsfr5                       sfr5         00000
__Hsfr6                       sfr6         00000
__Hsfr7                       sfr7         00000
__Hsfr8                       sfr8         00000
__Hsfr9                       sfr9         00000
__Hspace_0                    (abs)        08009
__Hspace_1                    (abs)        000B4
__Hspace_2                    (abs)        00000
__Hspace_3                    (abs)        00000
__Hstack                      stack        00000
__Hstrings                    strings      00000
__Hstringtext                 stringtext   00000
__Htext                       text         00000
__Labs1                       abs1         00000
__Lbank0                      bank0        00000
__Lbank1                      bank1        00000
__Lbank10                     bank10       00000
__Lbank11                     bank11       00000
__Lbank12                     bank12       00000
__Lbank13                     bank13       00000
__Lbank14                     bank14       00000
__Lbank15                     bank15       00000
__Lbank16                     bank16       00000
__Lbank17                     bank17       00000
__Lbank18                     bank18       00000
__Lbank19                     bank19       00000
__Lbank2                      bank2        00000
__Lbank20                     bank20       00000
__Lbank21                     bank21       00000
__Lbank22                     bank22       00000
__Lbank23                     bank23       00000
__Lbank24                     bank24       00000
__Lbank25                     bank25       00000
__Lbank26                     bank26       00000
__Lbank27                     bank27       00000
__Lbank28                     bank28       00000
__Lbank29                     bank29       00000
__Lbank3                      bank3        00000
__Lbank30                     bank30       00000
__Lbank31                     bank31       00000
__Lbank4                      bank4        00000
__Lbank5                      bank5        00000
__Lbank6                      bank6        00000
__Lbank7                      bank7        00000
__Lbank8                      bank8        00000
__Lbank9                      bank9        00000
__Lbigram                     bigram       00000
__LbssBANK0                   bssBANK0     00000
__LbssBANK1                   bssBANK1     00000
__LbssCOMMON                  bssCOMMON    00000
__Lcinit                      cinit        00012
__Lclrtext                    clrtext      00000
__Lcode                       code         00000
__Lcommon                     common       00000
__Lconfig                     config       08007
__LcstackBANK0                cstackBANK0  00000
__LcstackCOMMON               cstackCOMMON 00000
__LdataBANK0                  dataBANK0    00000
__Leeprom_data                eeprom_data  00000
__Lend_init                   end_init     00011
__Lfunctab                    functab      00000
__LidataBANK0                 idataBANK0   00000
__Lidloc                      idloc        00000
__Linit                       init         00011
__Lintentry                   intentry     00004
__Lmaintext                   maintext     00000
__LnvBANK0                    nvBANK0      00000
__Lpowerup                    powerup      00000
__Lram                        ram          00000
__Lreset_vec                  reset_vec    00000
__Lsfr0                       sfr0         00000
__Lsfr1                       sfr1         00000
__Lsfr10                      sfr10        00000
__Lsfr11                      sfr11        00000
__Lsfr12                      sfr12        00000
__Lsfr13                      sfr13        00000
__Lsfr14                      sfr14        00000
__Lsfr15                      sfr15        00000
__Lsfr16                      sfr16        00000
__Lsfr17                      sfr17        00000
__Lsfr18                      sfr18        00000
__Lsfr19                      sfr19        00000
__Lsfr2                       sfr2         00000
__Lsfr20                      sfr20        00000
__Lsfr21                      sfr21        00000
__Lsfr22                      sfr22        00000
__Lsfr23                      sfr23        00000
__Lsfr24                      sfr24        00000
__Lsfr25                      sfr25        00000
__Lsfr26                      sfr26        00000
__Lsfr27                      sfr27        00000
__Lsfr28                      sfr28        00000
__Lsfr29                      sfr29        00000
__Lsfr3                       sfr3         00000
__Lsfr30                      sfr30        00000
__Lsfr31                      sfr31        00000
__Lsfr4                       sfr4         00000
__Lsfr5                       sfr5         00000
__Lsfr6                       sfr6         00000
__Lsfr7                       sfr7         00000
__Lsfr8                       sfr8         00000
__Lsfr9                       sfr9         00000
__Lspace_0                    (abs)        00000
__Lspace_1                    (abs)        00000
__Lspace_2                    (abs)        00000
__Lspace_3                    (abs)        00000
__Lstack                      stack        00000
__Lstrings                    strings      00000
__Lstringtext                 stringtext   00000
__Ltext                       text         00000
__S0                          (abs)        08009
__S1                          (abs)        000B4
__S2                          (abs)        00000
__S3                          (abs)        00000
___int_sp                     stack        00000
___latbits                    (abs)        00000
___sp                         stack        00000
__end_of_IOCInterrupt         text37       002A4
__end_of_ISRCode              intentry     00011
__end_of_LEDInit              text12       004B7
__end_of_LEDService           text31       00338
__end_of__initialization      cinit        0002D
__end_of_beepRepeatedly       text25       0039B
__end_of_beeperInit           text10       003F7
__end_of_beeperService        text30       002FD
__end_of_clearLED             text29       004DA
__end_of_eventHandlerInit     text6        002D2
__end_of_eventHandlerService  text14       0026E
__end_of_getInitEvent         text26       0018F
__end_of_hardwareInit         text5        0031D
__end_of_initIOCInterrupt     text9        004C2
__end_of_initInterrupt        text4        004DD
__end_of_initS1_Timeout       text22       00415
__end_of_initS2_Timeout       text21       004AB
__end_of_initS3_greenHigh     text20       0049E
__end_of_initS4_greenLow      text19       00491
__end_of_initS5_redHigh       text18       00484
__end_of_initS6_redLow        text17       00477
__end_of_initS7_bothHigh      text16       0046A
__end_of_initS8_bothLow       text15       00384
__end_of_initStateTable       stringtext   000C0
__end_of_init_NoAction        text23       004E0
__end_of_init_Restart         text24       003E8
__end_of_initialise           text2        003C4
__end_of_kickWatchDog         text1        004DF
__end_of_longTimerGet         text7        00441
__end_of_longTimerLock        text8        00352
__end_of_main                 maintext     004CE
__end_of_runStateTable        stringtext   000F8
__end_of_setLED               text28       004D6
__end_of_timer2Init           text11       00406
__end_of_timer2Interrupt      text36       0036C
__end_of_timerGet             text13       0044F
__end_of_timerInit            text3        003D6
__end_of_timerInterrupt       text35       00225
__end_of_timerLock            text27       00424
__end_of_timerRead            text33       003B2
__end_of_timerSet             text32       00433
__end_ofi1_timerSet           text38       0045D
__initialization              cinit        00012
__pbssBANK0                   bssBANK0     00020
__pbssBANK1                   bssBANK1     000A0
__pbssCOMMON                  bssCOMMON    00070
__pcstackBANK0                cstackBANK0  00048
__pcstackCOMMON               cstackCOMMON 00077
__pdataBANK0                  dataBANK0    0005A
__pidataBANK0                 idataBANK0   004CE
__pintentry                   intentry     00004
__pmaintext                   maintext     004C8
__pnvBANK0                    nvBANK0      0005E
__pstringtext                 stringtext   00030
__ptext1                      text1        004DD
__ptext10                     text10       003E8
__ptext11                     text11       003F7
__ptext12                     text12       004AB
__ptext13                     text13       00441
__ptext14                     text14       00225
__ptext15                     text15       0036C
__ptext16                     text16       0045D
__ptext17                     text17       0046A
__ptext18                     text18       00477
__ptext19                     text19       00484
__ptext2                      text2        003B2
__ptext20                     text20       00491
__ptext21                     text21       0049E
__ptext22                     text22       00406
__ptext23                     text23       004DF
__ptext24                     text24       003D6
__ptext25                     text25       00384
__ptext26                     text26       000F8
__ptext27                     text27       00415
__ptext28                     text28       004D2
__ptext29                     text29       004D6
__ptext3                      text3        003C4
__ptext30                     text30       002D2
__ptext31                     text31       0031D
__ptext32                     text32       00424
__ptext33                     text33       0039B
__ptext35                     text35       0018F
__ptext36                     text36       00352
__ptext37                     text37       0026E
__ptext38                     text38       0044F
__ptext4                      text4        004DA
__ptext5                      text5        002FD
__ptext6                      text6        002A4
__ptext7                      text7        00433
__ptext8                      text8        00338
__ptext9                      text9        004B7
__size_of_IOCInterrupt        (abs)        00000
__size_of_ISRCode             (abs)        00000
__size_of_LEDInit             (abs)        00000
__size_of_LEDService          (abs)        00000
__size_of_beepRepeatedly      (abs)        00000
__size_of_beeperInit          (abs)        00000
__size_of_beeperService       (abs)        00000
__size_of_clearLED            (abs)        00000
__size_of_eventHandlerInit    (abs)        00000
__size_of_eventHandlerService (abs)        00000
__size_of_getInitEvent        (abs)        00000
__size_of_hardwareInit        (abs)        00000
__size_of_initIOCInterrupt    (abs)        00000
__size_of_initInterrupt       (abs)        00000
__size_of_initS1_Timeout      (abs)        00000
__size_of_initS2_Timeout      (abs)        00000
__size_of_initS3_greenHigh    (abs)        00000
__size_of_initS4_greenLow     (abs)        00000
__size_of_initS5_redHigh      (abs)        00000
__size_of_initS6_redLow       (abs)        00000
__size_of_initS7_bothHigh     (abs)        00000
__size_of_initS8_bothLow      (abs)        00000
__size_of_init_NoAction       (abs)        00000
__size_of_init_Restart        (abs)        00000
__size_of_initialise          (abs)        00000
__size_of_kickWatchDog        (abs)        00000
__size_of_longTimerGet        (abs)        00000
__size_of_longTimerLock       (abs)        00000
__size_of_main                (abs)        00000
__size_of_setLED              (abs)        00000
__size_of_timer2Init          (abs)        00000
__size_of_timer2Interrupt     (abs)        00000
__size_of_timerGet            (abs)        00000
__size_of_timerInit           (abs)        00000
__size_of_timerInterrupt      (abs)        00000
__size_of_timerLock           (abs)        00000
__size_of_timerRead           (abs)        00000
__size_of_timerSet            (abs)        00000
__size_ofi1_timerSet          (abs)        00000
_beepRate                     dataBANK0    0005A
_beepRepeatedly               text25       00384
_beeperInit                   text10       003E8
_beeperOn                     bssBANK0     0003D
_beeperService                text30       002D2
_beeperTimer                  bssBANK0     00040
_beeperToggle                 bssBANK0     0003F
_buzzerTimer                  bssCOMMON    00070
_chargerInitialised           bssBANK0     00024
_clearLED                     text29       004D6
_delayTimer                   bssBANK0     00035
_eventHandlerInit             text6        002A4
_eventHandlerService          text14       00225
_eventHandlerTimer            nvBANK0      0005E
_flashRate                    dataBANK0    0005C
_flasherToggle                bssBANK0     00042
_flashing                     bssBANK0     00041
_getInitEvent                 text26       000F8
_greenWentHigh                bssBANK0     00030
_greenWentLow                 bssBANK0     0002D
_hardwareInit                 text5        002FD
_initEvent                    bssBANK0     00046
_initIOCInterrupt             text9        004B7
_initInterrupt                text4        004DA
_initS1_Timeout               text22       00406
_initS2_Timeout               text21       0049E
_initS3_greenHigh             text20       00491
_initS4_greenLow              text19       00484
_initS5_redHigh               text18       00477
_initS6_redLow                text17       0046A
_initS7_bothHigh              text16       0045D
_initS8_bothLow               text15       0036C
_initSMTimer                  bssBANK0     0003B
_initState                    bssBANK0     00047
_initStateTable               stringtext   00030
_init_NoAction                text23       004DF
_init_Restart                 text24       003D6
_initialise                   text2        003B2
_kickWatchDog                 text1        004DD
_longTimerGet                 text7        00433
_longTimerLock                text8        00338
_longTimers                   bssBANK0     00020
_main                         maintext     004C8
_minuteTimer                  bssBANK0     00037
_nBeeps                       bssBANK0     00033
_numLongTimers                bssCOMMON    00074
_numTimers                    bssCOMMON    00075
_redWentHigh                  bssBANK0     0002A
_redWentLow                   bssBANK0     00027
_repeatedBeeping              bssBANK0     0003E
_runS1_Error                  (abs)        00000
_runS1_Initialised            (abs)        00000
_runS1_Timeout                (abs)        00000
_runS2_BeepReceived           (abs)        00000
_runS2_Error                  (abs)        00000
_runS2_Timeout                (abs)        00000
_runS3_Error                  (abs)        00000
_runS3_GreenFlashing          (abs)        00000
_runS3_Timeout                (abs)        00000
_runS4_Error                  (abs)        00000
_runS4_GreenSteadyLow         (abs)        00000
_runS4_Timeout                (abs)        00000
_runSMTimer                   bssBANK0     00039
_runState                     bssBANK0     00045
_run_NoAction                 (abs)        00000
_setLED                       text28       004D2
_systick                      bssCOMMON    00072
_timer2Init                   text11       003F7
_timer2Interrupt              text36       00352
_timerGet                     text13       00441
_timerInit                    text3        003C4
_timerInterrupt               text35       0018F
_timerLock                    text27       00415
_timerRead                    text33       0039B
_timerSet                     text32       00424
_timers                       bssBANK1     000A0
beepRepeatedly@n              cstackBANK0  0004A
beepRepeatedly@period         cstackBANK0  00048
btemp                         (abs)        0007E
clear_ram0                    clrtext      004C2
end_of_initialization         cinit        0002D
i1_timerSet                   text38       0044F
i1timerSet@duration           cstackCOMMON 00077
i1timerSet@index              cstackCOMMON 00079
int$flags                     (abs)        0007E
intlevel0                     functab      00000
intlevel1                     functab      00000
intlevel2                     functab      00000
intlevel3                     functab      00000
intlevel4                     functab      00000
intlevel5                     functab      00000
longTimerGet@result           cstackBANK0  0004B
longTimerLock@index           cstackBANK0  00049
reset_vec                     reset_vec    00000
stackhi                       (abs)        0204F
stacklo                       (abs)        0203F
start                         init         00011
start_initialization          cinit        00012
timerGet@result               cstackBANK0  0004A
timerInterrupt@i              cstackCOMMON 0007C
timerLock@index               cstackBANK0  00048
timerRead@index               cstackBANK0  0004D
timerRead@result              cstackBANK0  0004B
timerSet@duration             cstackBANK0  00048
timerSet@index                cstackBANK0  0004A
wtemp0                        (abs)        0007E


FUNCTION INFORMATION:

 *************** function _main *****************
 Defined at:
		line 29 in file "../source/main.c"
 Parameters:    Size  Location     Type
		None
 Auto vars:     Size  Location     Type
		None
 Return value:  Size  Location     Type
                  1    wreg      void 
 Registers used:
		wreg, fsr0l, fsr0h, fsr1l, fsr1h, status,2, status,0, pclath, cstack
 Tracked objects:
		On entry : 
		On exit  : 
		Unchanged: 
 Data sizes:     COMMON   BANK0   BANK1
      Params:         0       0       0
      Locals:         0       0       0
      Temps:          0       0       0
      Totals:         0       0       0
Total ram usage:        0 bytes
 Hardware stack levels required when called:    7
 This function calls:
		_LEDService
		_beeperService
		_eventHandlerService
		_initialise
		_kickWatchDog
 This function is called by:
		Startup code after reset
 This function uses a non-reentrant model


 *************** function _kickWatchDog *****************
 Defined at:
		line 18 in file "../source/main.c"
 Parameters:    Size  Location     Type
		None
 Auto vars:     Size  Location     Type
		None
 Return value:  Size  Location     Type
                  1    wreg      void 
 Registers used:
		None
 Tracked objects:
		On entry : 
		On exit  : 
		Unchanged: 
 Data sizes:     COMMON   BANK0   BANK1
      Params:         0       0       0
      Locals:         0       0       0
      Temps:          0       0       0
      Totals:         0       0       0
Total ram usage:        0 bytes
 Hardware stack levels used:    1
 Hardware stack levels required when called:    3
 This function calls:
		Nothing
 This function is called by:
		_main
 This function uses a non-reentrant model


 *************** function _initialise *****************
 Defined at:
		line 47 in file "../source/main.c"
 Parameters:    Size  Location     Type
		None
 Auto vars:     Size  Location     Type
		None
 Return value:  Size  Location     Type
                  1    wreg      void 
 Registers used:
		wreg, fsr1l, fsr1h, status,2, status,0, pclath, cstack
 Tracked objects:
		On entry : 
		On exit  : 
		Unchanged: 
 Data sizes:     COMMON   BANK0   BANK1
      Params:         0       0       0
      Locals:         0       0       0
      Temps:          0       0       0
      Totals:         0       0       0
Total ram usage:        0 bytes
 Hardware stack levels used:    1
 Hardware stack levels required when called:    6
 This function calls:
		_LEDInit
		_beepRepeatedly
		_beeperInit
		_clearLED
		_eventHandlerInit
		_hardwareInit
		_initInterrupt
		_timerInit
 This function is called by:
		_main
 This function uses a non-reentrant model


 *************** function _timerInit *****************
 Defined at:
		line 28 in file "../source/timer.c"
 Parameters:    Size  Location     Type
		None
 Auto vars:     Size  Location     Type
		None
 Return value:  Size  Location     Type
                  1    wreg      void 
 Registers used:
		status,2
 Tracked objects:
		On entry : 
		On exit  : 
		Unchanged: 
 Data sizes:     COMMON   BANK0   BANK1
      Params:         0       0       0
      Locals:         0       0       0
      Temps:          0       0       0
      Totals:         0       0       0
Total ram usage:        0 bytes
 Hardware stack levels used:    1
 Hardware stack levels required when called:    3
 This function calls:
		Nothing
 This function is called by:
		_initialise
 This function uses a non-reentrant model


 *************** function _initInterrupt *****************
 Defined at:
		line 16 in file "../source/interrupt.c"
 Parameters:    Size  Location     Type
		None
 Auto vars:     Size  Location     Type
		None
 Return value:  Size  Location     Type
                  1    wreg      void 
 Registers used:
		None
 Tracked objects:
		On entry : 
		On exit  : 
		Unchanged: 
 Data sizes:     COMMON   BANK0   BANK1
      Params:         0       0       0
      Locals:         0       0       0
      Temps:          0       0       0
      Totals:         0       0       0
Total ram usage:        0 bytes
 Hardware stack levels used:    1
 Hardware stack levels required when called:    3
 This function calls:
		Nothing
 This function is called by:
		_initialise
 This function uses a non-reentrant model


 *************** function _hardwareInit *****************
 Defined at:
		line 66 in file "../source/main.c"
 Parameters:    Size  Location     Type
		None
 Auto vars:     Size  Location     Type
		None
 Return value:  Size  Location     Type
                  1    wreg      void 
 Registers used:
		wreg, status,2, status,0
 Tracked objects:
		On entry : 
		On exit  : 
		Unchanged: 
 Data sizes:     COMMON   BANK0   BANK1
      Params:         0       0       0
      Locals:         0       0       0
      Temps:          0       0       0
      Totals:         0       0       0
Total ram usage:        0 bytes
 Hardware stack levels used:    1
 Hardware stack levels required when called:    3
 This function calls:
		Nothing
 This function is called by:
		_initialise
 This function uses a non-reentrant model


 *************** function _eventHandlerInit *****************
 Defined at:
		line 96 in file "../source/eventhandler.c"
 Parameters:    Size  Location     Type
		None
 Auto vars:     Size  Location     Type
		None
 Return value:  Size  Location     Type
                  1    wreg      void 
 Registers used:
		wreg, fsr1l, fsr1h, status,2, status,0, pclath, cstack
 Tracked objects:
		On entry : 
		On exit  : 
		Unchanged: 
 Data sizes:     COMMON   BANK0   BANK1
      Params:         0       0       0
      Locals:         0       0       0
      Temps:          0       2       0
      Totals:         0       2       0
Total ram usage:        2 bytes
 Hardware stack levels used:    1
 Hardware stack levels required when called:    5
 This function calls:
		_initIOCInterrupt
		_init_Restart
		_longTimerGet
		_timerGet
		_timerSet
 This function is called by:
		_initialise
 This function uses a non-reentrant model


 *************** function _longTimerGet *****************
 Defined at:
		line 189 in file "../source/timer.c"
 Parameters:    Size  Location     Type
		None
 Auto vars:     Size  Location     Type
  result          1    3[BANK0 ] unsigned char 
 Return value:  Size  Location     Type
                  1    wreg      unsigned char 
 Registers used:
		wreg, fsr1l, fsr1h, status,2, status,0, pclath, cstack
 Tracked objects:
		On entry : 
		On exit  : 
		Unchanged: 
 Data sizes:     COMMON   BANK0   BANK1
      Params:         0       0       0
      Locals:         0       1       0
      Temps:          0       1       0
      Totals:         0       2       0
Total ram usage:        2 bytes
 Hardware stack levels used:    1
 Hardware stack levels required when called:    4
 This function calls:
		_longTimerLock
 This function is called by:
		_eventHandlerInit
 This function uses a non-reentrant model


 *************** function _longTimerLock *****************
 Defined at:
		line 242 in file "../source/timer.c"
 Parameters:    Size  Location     Type
  index           1    wreg     unsigned char 
 Auto vars:     Size  Location     Type
  index           1    1[BANK0 ] unsigned char 
 Return value:  Size  Location     Type
                  1    wreg      void 
 Registers used:
		wreg, fsr1l, fsr1h, status,2, status,0
 Tracked objects:
		On entry : 
		On exit  : 
		Unchanged: 
 Data sizes:     COMMON   BANK0   BANK1
      Params:         0       0       0
      Locals:         0       1       0
      Temps:          0       1       0
      Totals:         0       2       0
Total ram usage:        2 bytes
 Hardware stack levels used:    1
 Hardware stack levels required when called:    3
 This function calls:
		Nothing
 This function is called by:
		_longTimerGet
		_getRunEvent
 This function uses a non-reentrant model


 *************** function _initIOCInterrupt *****************
 Defined at:
		line 38 in file "../source/eventhandler.c"
 Parameters:    Size  Location     Type
		None
 Auto vars:     Size  Location     Type
		None
 Return value:  Size  Location     Type
                  1    wreg      void 
 Registers used:
		None
 Tracked objects:
		On entry : 
		On exit  : 
		Unchanged: 
 Data sizes:     COMMON   BANK0   BANK1
      Params:         0       0       0
      Locals:         0       0       0
      Temps:          0       0       0
      Totals:         0       0       0
Total ram usage:        0 bytes
 Hardware stack levels used:    1
 Hardware stack levels required when called:    3
 This function calls:
		Nothing
 This function is called by:
		_eventHandlerInit
 This function uses a non-reentrant model


 *************** function _beeperInit *****************
 Defined at:
		line 95 in file "../source/beeper.c"
 Parameters:    Size  Location     Type
		None
 Auto vars:     Size  Location     Type
		None
 Return value:  Size  Location     Type
                  1    wreg      void 
 Registers used:
		wreg, fsr1l, fsr1h, status,2, status,0, pclath, cstack
 Tracked objects:
		On entry : 
		On exit  : 
		Unchanged: 
 Data sizes:     COMMON   BANK0   BANK1
      Params:         0       0       0
      Locals:         0       0       0
      Temps:          0       1       0
      Totals:         0       1       0
Total ram usage:        1 bytes
 Hardware stack levels used:    1
 Hardware stack levels required when called:    5
 This function calls:
		_timer2Init
		_timerGet
		_timerSet
 This function is called by:
		_initialise
 This function uses a non-reentrant model


 *************** function _timer2Init *****************
 Defined at:
		line 29 in file "../source/beeper.c"
 Parameters:    Size  Location     Type
		None
 Auto vars:     Size  Location     Type
		None
 Return value:  Size  Location     Type
                  1    wreg      void 
 Registers used:
		wreg, status,2, status,0
 Tracked objects:
		On entry : 
		On exit  : 
		Unchanged: 
 Data sizes:     COMMON   BANK0   BANK1
      Params:         0       0       0
      Locals:         0       0       0
      Temps:          0       0       0
      Totals:         0       0       0
Total ram usage:        0 bytes
 Hardware stack levels used:    1
 Hardware stack levels required when called:    3
 This function calls:
		Nothing
 This function is called by:
		_beeperInit
 This function uses a non-reentrant model


 *************** function _LEDInit *****************
 Defined at:
		line 40 in file "../source/LED.c"
 Parameters:    Size  Location     Type
		None
 Auto vars:     Size  Location     Type
		None
 Return value:  Size  Location     Type
                  1    wreg      void 
 Registers used:
		wreg, fsr1l, fsr1h, status,2, status,0, pclath, cstack
 Tracked objects:
		On entry : 
		On exit  : 
		Unchanged: 
 Data sizes:     COMMON   BANK0   BANK1
      Params:         0       0       0
      Locals:         0       0       0
      Temps:          0       1       0
      Totals:         0       1       0
Total ram usage:        1 bytes
 Hardware stack levels used:    1
 Hardware stack levels required when called:    5
 This function calls:
		_timerGet
		_timerSet
 This function is called by:
		_initialise
 This function uses a non-reentrant model


 *************** function _timerGet *****************
 Defined at:
		line 104 in file "../source/timer.c"
 Parameters:    Size  Location     Type
		None
 Auto vars:     Size  Location     Type
  result          1    2[BANK0 ] unsigned char 
 Return value:  Size  Location     Type
                  1    wreg      unsigned char 
 Registers used:
		wreg, fsr1l, fsr1h, status,2, status,0, pclath, cstack
 Tracked objects:
		On entry : 
		On exit  : 
		Unchanged: 
 Data sizes:     COMMON   BANK0   BANK1
      Params:         0       0       0
      Locals:         0       1       0
      Temps:          0       1       0
      Totals:         0       2       0
Total ram usage:        2 bytes
 Hardware stack levels used:    1
 Hardware stack levels required when called:    4
 This function calls:
		_timerLock
 This function is called by:
		_eventHandlerInit
		_LEDInit
		_beeperInit
 This function uses a non-reentrant model


 *************** function _eventHandlerService *****************
 Defined at:
		line 109 in file "../source/eventhandler.c"
 Parameters:    Size  Location     Type
		None
 Auto vars:     Size  Location     Type
		None
 Return value:  Size  Location     Type
                  1    wreg      void 
 Registers used:
		wreg, fsr0l, fsr0h, fsr1l, fsr1h, status,2, status,0, pclath, cstack
 Tracked objects:
		On entry : 
		On exit  : 
		Unchanged: 
 Data sizes:     COMMON   BANK0   BANK1
      Params:         0       0       0
      Locals:         0       0       0
      Temps:          0       8       0
      Totals:         0       8       0
Total ram usage:        8 bytes
 Hardware stack levels used:    1
 Hardware stack levels required when called:    5
 This function calls:
		_getInitEvent
		_initS1_Timeout
		_initS2_Timeout
		_initS3_greenHigh
		_initS4_greenLow
		_initS5_redHigh
		_initS6_redLow
		_initS7_bothHigh
		_initS8_bothLow
		_init_NoAction
		_init_Restart
		_timerRead
		_timerSet
 This function is called by:
		_main
 This function uses a non-reentrant model


 *************** function _initS8_bothLow *****************
 Defined at:
		line 215 in file "../source/eventhandler.c"
 Parameters:    Size  Location     Type
		None
 Auto vars:     Size  Location     Type
		None
 Return value:  Size  Location     Type
                  1    wreg      void 
 Registers used:
		wreg, fsr1l, fsr1h, status,2, status,0, pclath, cstack
 Tracked objects:
		On entry : 
		On exit  : 
		Unchanged: 
 Data sizes:     COMMON   BANK0   BANK1
      Params:         0       0       0
      Locals:         0       0       0
      Temps:          0       1       0
      Totals:         0       1       0
Total ram usage:        1 bytes
 Hardware stack levels used:    1
 Hardware stack levels required when called:    4
 This function calls:
		_beepRepeatedly
		_timerLock
 This function is called by:
		_eventHandlerService
 This function uses a non-reentrant model


 *************** function _initS7_bothHigh *****************
 Defined at:
		line 209 in file "../source/eventhandler.c"
 Parameters:    Size  Location     Type
		None
 Auto vars:     Size  Location     Type
		None
 Return value:  Size  Location     Type
                  1    wreg      void 
 Registers used:
		wreg, fsr1l, fsr1h, status,2, status,0, pclath, cstack
 Tracked objects:
		On entry : 
		On exit  : 
		Unchanged: 
 Data sizes:     COMMON   BANK0   BANK1
      Params:         0       0       0
      Locals:         0       0       0
      Temps:          0       1       0
      Totals:         0       1       0
Total ram usage:        1 bytes
 Hardware stack levels used:    1
 Hardware stack levels required when called:    4
 This function calls:
		_timerSet
 This function is called by:
		_eventHandlerService
 This function uses a non-reentrant model


 *************** function _initS6_redLow *****************
 Defined at:
		line 203 in file "../source/eventhandler.c"
 Parameters:    Size  Location     Type
		None
 Auto vars:     Size  Location     Type
		None
 Return value:  Size  Location     Type
                  1    wreg      void 
 Registers used:
		wreg, fsr1l, fsr1h, status,2, status,0, pclath, cstack
 Tracked objects:
		On entry : 
		On exit  : 
		Unchanged: 
 Data sizes:     COMMON   BANK0   BANK1
      Params:         0       0       0
      Locals:         0       0       0
      Temps:          0       1       0
      Totals:         0       1       0
Total ram usage:        1 bytes
 Hardware stack levels used:    1
 Hardware stack levels required when called:    4
 This function calls:
		_timerSet
 This function is called by:
		_eventHandlerService
 This function uses a non-reentrant model


 *************** function _initS5_redHigh *****************
 Defined at:
		line 197 in file "../source/eventhandler.c"
 Parameters:    Size  Location     Type
		None
 Auto vars:     Size  Location     Type
		None
 Return value:  Size  Location     Type
                  1    wreg      void 
 Registers used:
		wreg, fsr1l, fsr1h, status,2, status,0, pclath, cstack
 Tracked objects:
		On entry : 
		On exit  : 
		Unchanged: 
 Data sizes:     COMMON   BANK0   BANK1
      Params:         0       0       0
      Locals:         0       0       0
      Temps:          0       1       0
      Totals:         0       1       0
Total ram usage:        1 bytes
 Hardware stack levels used:    1
 Hardware stack levels required when called:    4
 This function calls:
		_timerSet
 This function is called by:
		_eventHandlerService
 This function uses a non-reentrant model


 *************** function _initS4_greenLow *****************
 Defined at:
		line 191 in file "../source/eventhandler.c"
 Parameters:    Size  Location     Type
		None
 Auto vars:     Size  Location     Type
		None
 Return value:  Size  Location     Type
                  1    wreg      void 
 Registers used:
		wreg, fsr1l, fsr1h, status,2, status,0, pclath, cstack
 Tracked objects:
		On entry : 
		On exit  : 
		Unchanged: 
 Data sizes:     COMMON   BANK0   BANK1
      Params:         0       0       0
      Locals:         0       0       0
      Temps:          0       1       0
      Totals:         0       1       0
Total ram usage:        1 bytes
 Hardware stack levels used:    1
 Hardware stack levels required when called:    4
 This function calls:
		_timerSet
 This function is called by:
		_eventHandlerService
 This function uses a non-reentrant model


 *************** function _initS3_greenHigh *****************
 Defined at:
		line 185 in file "../source/eventhandler.c"
 Parameters:    Size  Location     Type
		None
 Auto vars:     Size  Location     Type
		None
 Return value:  Size  Location     Type
                  1    wreg      void 
 Registers used:
		wreg, fsr1l, fsr1h, status,2, status,0, pclath, cstack
 Tracked objects:
		On entry : 
		On exit  : 
		Unchanged: 
 Data sizes:     COMMON   BANK0   BANK1
      Params:         0       0       0
      Locals:         0       0       0
      Temps:          0       1       0
      Totals:         0       1       0
Total ram usage:        1 bytes
 Hardware stack levels used:    1
 Hardware stack levels required when called:    4
 This function calls:
		_timerSet
 This function is called by:
		_eventHandlerService
 This function uses a non-reentrant model


 *************** function _initS2_Timeout *****************
 Defined at:
		line 173 in file "../source/eventhandler.c"
 Parameters:    Size  Location     Type
		None
 Auto vars:     Size  Location     Type
		None
 Return value:  Size  Location     Type
                  1    wreg      void 
 Registers used:
		wreg, fsr1l, fsr1h, status,2, status,0, pclath, cstack
 Tracked objects:
		On entry : 
		On exit  : 
		Unchanged: 
 Data sizes:     COMMON   BANK0   BANK1
      Params:         0       0       0
      Locals:         0       0       0
      Temps:          0       1       0
      Totals:         0       1       0
Total ram usage:        1 bytes
 Hardware stack levels used:    1
 Hardware stack levels required when called:    4
 This function calls:
		_timerSet
 This function is called by:
		_eventHandlerService
 This function uses a non-reentrant model


 *************** function _initS1_Timeout *****************
 Defined at:
		line 166 in file "../source/eventhandler.c"
 Parameters:    Size  Location     Type
		None
 Auto vars:     Size  Location     Type
		None
 Return value:  Size  Location     Type
                  1    wreg      void 
 Registers used:
		wreg, fsr1l, fsr1h, status,2, status,0, pclath, cstack
 Tracked objects:
		On entry : 
		On exit  : 
		Unchanged: 
 Data sizes:     COMMON   BANK0   BANK1
      Params:         0       0       0
      Locals:         0       0       0
      Temps:          0       1       0
      Totals:         0       1       0
Total ram usage:        1 bytes
 Hardware stack levels used:    1
 Hardware stack levels required when called:    4
 This function calls:
		_timerSet
 This function is called by:
		_eventHandlerService
 This function uses a non-reentrant model


 *************** function _init_NoAction *****************
 Defined at:
		line 148 in file "../source/eventhandler.c"
 Parameters:    Size  Location     Type
		None
 Auto vars:     Size  Location     Type
		None
 Return value:  Size  Location     Type
                  1    wreg      void 
 Registers used:
		None
 Tracked objects:
		On entry : 
		On exit  : 
		Unchanged: 
 Data sizes:     COMMON   BANK0   BANK1
      Params:         0       0       0
      Locals:         0       0       0
      Temps:          0       0       0
      Totals:         0       0       0
Total ram usage:        0 bytes
 Hardware stack levels used:    1
 Hardware stack levels required when called:    3
 This function calls:
		Nothing
 This function is called by:
		_eventHandlerService
 This function uses a non-reentrant model


 *************** function _init_Restart *****************
 Defined at:
		line 153 in file "../source/eventhandler.c"
 Parameters:    Size  Location     Type
		None
 Auto vars:     Size  Location     Type
		None
 Return value:  Size  Location     Type
                  1    wreg      void 
 Registers used:
		wreg, fsr1l, fsr1h, status,2, status,0, pclath, cstack
 Tracked objects:
		On entry : 
		On exit  : 
		Unchanged: 
 Data sizes:     COMMON   BANK0   BANK1
      Params:         0       0       0
      Locals:         0       0       0
      Temps:          0       0       0
      Totals:         0       0       0
Total ram usage:        0 bytes
 Hardware stack levels used:    1
 Hardware stack levels required when called:    4
 This function calls:
		_clearLED
		_timerSet
 This function is called by:
		_eventHandlerInit
		_eventHandlerService
 This function uses a non-reentrant model


 *************** function _beepRepeatedly *****************
 Defined at:
		line 82 in file "../source/beeper.c"
 Parameters:    Size  Location     Type
  period          2    0[BANK0 ] int 
  n               2    2[BANK0 ] int 
 Auto vars:     Size  Location     Type
		None
 Return value:  Size  Location     Type
                  1    wreg      void 
 Registers used:
		wreg, status,2, status,0
 Tracked objects:
		On entry : 
		On exit  : 
		Unchanged: 
 Data sizes:     COMMON   BANK0   BANK1
      Params:         0       4       0
      Locals:         0       0       0
      Temps:          0       0       0
      Totals:         0       4       0
Total ram usage:        4 bytes
 Hardware stack levels used:    1
 Hardware stack levels required when called:    3
 This function calls:
		Nothing
 This function is called by:
		_initS8_bothLow
		_initialise
		_runS1_Initialised
 This function uses a non-reentrant model


 *************** function _getInitEvent *****************
 Defined at:
		line 224 in file "../source/eventhandler.c"
 Parameters:    Size  Location     Type
		None
 Auto vars:     Size  Location     Type
		None
 Return value:  Size  Location     Type
                  1    wreg      enum E2237
 Registers used:
		wreg, fsr1l, fsr1h, status,2, status,0, pclath, cstack
 Tracked objects:
		On entry : 
		On exit  : 
		Unchanged: 
 Data sizes:     COMMON   BANK0   BANK1
      Params:         0       0       0
      Locals:         0       0       0
      Temps:          0       4       0
      Totals:         0       4       0
Total ram usage:        4 bytes
 Hardware stack levels used:    1
 Hardware stack levels required when called:    4
 This function calls:
		_clearLED
		_setLED
		_timerLock
		_timerRead
 This function is called by:
		_eventHandlerService
 This function uses a non-reentrant model


 *************** function _timerLock *****************
 Defined at:
		line 157 in file "../source/timer.c"
 Parameters:    Size  Location     Type
  index           1    wreg     unsigned char 
 Auto vars:     Size  Location     Type
  index           1    0[BANK0 ] unsigned char 
 Return value:  Size  Location     Type
                  1    wreg      void 
 Registers used:
		wreg, fsr1l, fsr1h, status,2, status,0
 Tracked objects:
		On entry : 
		On exit  : 
		Unchanged: 
 Data sizes:     COMMON   BANK0   BANK1
      Params:         0       0       0
      Locals:         0       1       0
      Temps:          0       0       0
      Totals:         0       1       0
Total ram usage:        1 bytes
 Hardware stack levels used:    1
 Hardware stack levels required when called:    3
 This function calls:
		Nothing
 This function is called by:
		_initS8_bothLow
		_getInitEvent
		_timerGet
		_getRunEvent
 This function uses a non-reentrant model


 *************** function _setLED *****************
 Defined at:
		line 19 in file "../source/LED.c"
 Parameters:    Size  Location     Type
		None
 Auto vars:     Size  Location     Type
		None
 Return value:  Size  Location     Type
                  1    wreg      void 
 Registers used:
		status,2
 Tracked objects:
		On entry : 
		On exit  : 
		Unchanged: 
 Data sizes:     COMMON   BANK0   BANK1
      Params:         0       0       0
      Locals:         0       0       0
      Temps:          0       0       0
      Totals:         0       0       0
Total ram usage:        0 bytes
 Hardware stack levels used:    1
 Hardware stack levels required when called:    3
 This function calls:
		Nothing
 This function is called by:
		_getInitEvent
 This function uses a non-reentrant model


 *************** function _clearLED *****************
 Defined at:
		line 25 in file "../source/LED.c"
 Parameters:    Size  Location     Type
		None
 Auto vars:     Size  Location     Type
		None
 Return value:  Size  Location     Type
                  1    wreg      void 
 Registers used:
		status,2
 Tracked objects:
		On entry : 
		On exit  : 
		Unchanged: 
 Data sizes:     COMMON   BANK0   BANK1
      Params:         0       0       0
      Locals:         0       0       0
      Temps:          0       0       0
      Totals:         0       0       0
Total ram usage:        0 bytes
 Hardware stack levels used:    1
 Hardware stack levels required when called:    3
 This function calls:
		Nothing
 This function is called by:
		_init_Restart
		_getInitEvent
		_initialise
 This function uses a non-reentrant model


 *************** function _beeperService *****************
 Defined at:
		line 103 in file "../source/beeper.c"
 Parameters:    Size  Location     Type
		None
 Auto vars:     Size  Location     Type
		None
 Return value:  Size  Location     Type
                  1    wreg      void 
 Registers used:
		wreg, fsr1l, fsr1h, status,2, status,0, pclath, cstack
 Tracked objects:
		On entry : 
		On exit  : 
		Unchanged: 
 Data sizes:     COMMON   BANK0   BANK1
      Params:         0       0       0
      Locals:         0       0       0
      Temps:          0       0       0
      Totals:         0       0       0
Total ram usage:        0 bytes
 Hardware stack levels used:    1
 Hardware stack levels required when called:    4
 This function calls:
		_timerRead
		_timerSet
 This function is called by:
		_main
 This function uses a non-reentrant model


 *************** function _LEDService *****************
 Defined at:
		line 47 in file "../source/LED.c"
 Parameters:    Size  Location     Type
		None
 Auto vars:     Size  Location     Type
		None
 Return value:  Size  Location     Type
                  1    wreg      void 
 Registers used:
		wreg, fsr1l, fsr1h, status,2, status,0, pclath, cstack
 Tracked objects:
		On entry : 
		On exit  : 
		Unchanged: 
 Data sizes:     COMMON   BANK0   BANK1
      Params:         0       0       0
      Locals:         0       0       0
      Temps:          0       0       0
      Totals:         0       0       0
Total ram usage:        0 bytes
 Hardware stack levels used:    1
 Hardware stack levels required when called:    4
 This function calls:
		_timerRead
		_timerSet
 This function is called by:
		_main
 This function uses a non-reentrant model


 *************** function _timerSet *****************
 Defined at:
		line 123 in file "../source/timer.c"
 Parameters:    Size  Location     Type
  index           1    wreg     unsigned char 
  duration        2    0[BANK0 ] unsigned int 
 Auto vars:     Size  Location     Type
  index           1    2[BANK0 ] unsigned char 
 Return value:  Size  Location     Type
                  1    wreg      void 
 Registers used:
		wreg, fsr1l, fsr1h, status,2, status,0
 Tracked objects:
		On entry : 
		On exit  : 
		Unchanged: 
 Data sizes:     COMMON   BANK0   BANK1
      Params:         0       2       0
      Locals:         0       1       0
      Temps:          0       0       0
      Totals:         0       3       0
Total ram usage:        3 bytes
 Hardware stack levels used:    1
 Hardware stack levels required when called:    3
 This function calls:
		Nothing
 This function is called by:
		_eventHandlerInit
		_eventHandlerService
		_init_Restart
		_initS1_Timeout
		_initS2_Timeout
		_initS3_greenHigh
		_initS4_greenLow
		_initS5_redHigh
		_initS6_redLow
		_initS7_bothHigh
		_LEDInit
		_LEDService
		_beeperInit
		_beeperService
 This function uses a non-reentrant model


 *************** function _timerRead *****************
 Defined at:
		line 139 in file "../source/timer.c"
 Parameters:    Size  Location     Type
  index           1    wreg     unsigned char 
 Auto vars:     Size  Location     Type
  index           1    5[BANK0 ] unsigned char 
  result          2    3[BANK0 ] unsigned int 
 Return value:  Size  Location     Type
                  2    0[BANK0 ] unsigned int 
 Registers used:
		wreg, fsr1l, fsr1h, status,2, status,0
 Tracked objects:
		On entry : 
		On exit  : 
		Unchanged: 
 Data sizes:     COMMON   BANK0   BANK1
      Params:         0       3       0
      Locals:         0       3       0
      Temps:          0       0       0
      Totals:         0       6       0
Total ram usage:        6 bytes
 Hardware stack levels used:    1
 Hardware stack levels required when called:    3
 This function calls:
		Nothing
 This function is called by:
		_eventHandlerService
		_getInitEvent
		_LEDService
		_beeperService
		_getRunEvent
 This function uses a non-reentrant model


 *************** function _ISRCode *****************
 Defined at:
		line 32 in file "../source/interrupt.c"
 Parameters:    Size  Location     Type
		None
 Auto vars:     Size  Location     Type
		None
 Return value:  Size  Location     Type
                  1    wreg      void 
 Registers used:
		wreg, fsr1l, fsr1h, status,2, status,0, pclath, cstack
 Tracked objects:
		On entry : 
		On exit  : 
		Unchanged: 
 Data sizes:     COMMON   BANK0   BANK1
      Params:         0       0       0
      Locals:         0       0       0
      Temps:          1       0       0
      Totals:         1       0       0
Total ram usage:        1 bytes
 Hardware stack levels used:    1
 Hardware stack levels required when called:    2
 This function calls:
		_IOCInterrupt
		_timer2Interrupt
		_timerInterrupt
 This function is called by:
		Interrupt level 1
 This function uses a non-reentrant model


 *************** function _timerInterrupt *****************
 Defined at:
		line 57 in file "../source/timer.c"
 Parameters:    Size  Location     Type
		None
 Auto vars:     Size  Location     Type
  i               1    5[COMMON] unsigned char 
 Return value:  Size  Location     Type
                  1    wreg      void 
 Registers used:
		wreg, fsr1l, fsr1h, status,2, status,0
 Tracked objects:
		On entry : 
		On exit  : 
		Unchanged: 
 Data sizes:     COMMON   BANK0   BANK1
      Params:         0       0       0
      Locals:         1       0       0
      Temps:          5       0       0
      Totals:         6       0       0
Total ram usage:        6 bytes
 Hardware stack levels used:    1
 This function calls:
		Nothing
 This function is called by:
		_ISRCode
 This function uses a non-reentrant model


 *************** function _timer2Interrupt *****************
 Defined at:
		line 50 in file "../source/beeper.c"
 Parameters:    Size  Location     Type
		None
 Auto vars:     Size  Location     Type
  i               1    0        unsigned char 
 Return value:  Size  Location     Type
                  1    wreg      void 
 Registers used:
		wreg, status,2, status,0
 Tracked objects:
		On entry : 
		On exit  : 
		Unchanged: 
 Data sizes:     COMMON   BANK0   BANK1
      Params:         0       0       0
      Locals:         0       0       0
      Temps:          1       0       0
      Totals:         1       0       0
Total ram usage:        1 bytes
 Hardware stack levels used:    1
 This function calls:
		Nothing
 This function is called by:
		_ISRCode
 This function uses a non-reentrant model


 *************** function _IOCInterrupt *****************
 Defined at:
		line 51 in file "../source/eventhandler.c"
 Parameters:    Size  Location     Type
		None
 Auto vars:     Size  Location     Type
		None
 Return value:  Size  Location     Type
                  1    wreg      void 
 Registers used:
		wreg, fsr1l, fsr1h, status,2, status,0, pclath, cstack
 Tracked objects:
		On entry : 
		On exit  : 
		Unchanged: 
 Data sizes:     COMMON   BANK0   BANK1
      Params:         0       0       0
      Locals:         0       0       0
      Temps:          0       0       0
      Totals:         0       0       0
Total ram usage:        0 bytes
 Hardware stack levels used:    1
 Hardware stack levels required when called:    1
 This function calls:
		i1_timerSet
 This function is called by:
		_ISRCode
 This function uses a non-reentrant model


 *************** function i1_timerSet *****************
 Defined at:
		line 123 in file "../source/timer.c"
 Parameters:    Size  Location     Type
  index           1    wreg     unsigned char 
  duration        2    0[COMMON] unsigned int 
 Auto vars:     Size  Location     Type
  index           1    2[COMMON] unsigned char 
 Return value:  Size  Location     Type
                  1    wreg      void 
 Registers used:
		wreg, fsr1l, fsr1h, status,2, status,0
 Tracked objects:
		On entry : 
		On exit  : 
		Unchanged: 
 Data sizes:     COMMON   BANK0   BANK1
      Params:         2       0       0
      Locals:         1       0       0
      Temps:          0       0       0
      Totals:         3       0       0
Total ram usage:        3 bytes
 Hardware stack levels used:    1
 This function calls:
		Nothing
 This function is called by:
		_IOCInterrupt
 This function uses a non-reentrant model



MODULE INFORMATION

Module		Function		Class		Link	Load	Size
../source/beeper.c
		_beeperService 		CODE           	02D2	0000	44
		_beeperInit    		CODE           	03E8	0000	16
		_beepRepeatedly		CODE           	0384	0000	24
		_timer2Interrupt		CODE           	0352	0000	27
		_timer2Init    		CODE           	03F7	0000	16

../source/beeper.c estimated size: 127

../source/LED.c
		_LEDService    		CODE           	031D	0000	28
		_setLED        		CODE           	04D2	0000	5
		_clearLED      		CODE           	04D6	0000	5
		_LEDInit       		CODE           	04AB	0000	13

../source/LED.c estimated size: 51

../source/interrupt.c
		_initInterrupt 		CODE           	04DA	0000	4
		_ISRCode       		CODE           	0004	0000	14

../source/interrupt.c estimated size: 18

../source/timer.c
		_timerLock     		CODE           	0415	0000	16
		_timerRead     		CODE           	039B	0000	24
		_timerInit     		CODE           	03C4	0000	19
		_timerGet      		CODE           	0441	0000	15
		_timerSet      		CODE           	0424	0000	16
		_timerInterrupt		CODE           	018F	0000	151
		_longTimerGet  		CODE           	0433	0000	15
		_longTimerLock 		CODE           	0338	0000	27

../source/timer.c estimated size: 283

../source/main.c
		_hardwareInit  		CODE           	02FD	0000	33
		_kickWatchDog  		CODE           	04DD	0000	3
		_main          		CODE           	04C8	0000	7
		_initialise    		CODE           	03B2	0000	19

../source/main.c estimated size: 62

shared
		_initStateTable		STRCODE        	0030	0000	145
		__initialization		CODE           	0012	0000	28
		i1_timerSet    		CODE           	044F	0000	15
		_runStateTable 		STRCODE        	0000	0000	0

shared estimated size: 188

../source/eventhandler.c
		_IOCInterrupt  		CODE           	026E	0000	55
		_initIOCInterrupt		CODE           	04B7	0000	12
		_eventHandlerInit		CODE           	02A4	0000	47
		_initS7_bothHigh		CODE           	045D	0000	14
		_init_Restart  		CODE           	03D6	0000	19
		_initS4_greenLow		CODE           	0484	0000	14
		_initS5_redHigh		CODE           	0477	0000	14
		_initS2_Timeout		CODE           	049E	0000	14
		_initS8_bothLow		CODE           	036C	0000	25
		_initS3_greenHigh		CODE           	0491	0000	14
		_initS6_redLow 		CODE           	046A	0000	14
		_getInitEvent  		CODE           	00F8	0000	152
		_init_NoAction 		CODE           	04DF	0000	2
		_eventHandlerService		CODE           	0225	0000	74
		_initS1_Timeout		CODE           	0406	0000	16

../source/eventhandler.c estimated size: 486

