Microchip MPLAB XC8 Compiler V1.41 ()

Linker command line:

-W-3 --edf=C:\Program Files (x86)\Microchip\xc8\v1.41\dat\en_msgs.txt -cs \
  -h+dist/default/debug\TXController.X.debug.sym \
  --cmf=dist/default/debug\TXController.X.debug.cmf -z -Q12F1822 \
  -oC:\Users\Mark\AppData\Local\Temp\s24g.2 \
  -Mdist/default/debug/TXController.X.debug.map -E1 -ver=XC8 \
  -ASTACK=02042h-0205fh -pstack=STACK -ACODE=00h-07FFh -ASTRCODE=00h-07FFh \
  -ASTRING=00h-0FFhx8 -ACONST=00h-0FFhx8 -AENTRY=00h-0FFhx8 \
  -ACOMMON=070h-07Fh -ABANK0=020h-06Fh -ABANK1=0A0h-0AFh \
  -ABIGRAM=02000h-0205Fh -ARAM=020h-06Fh,0A0h-0AFh \
  -AABS1=020h-07Fh,0A0h-0BFh -ASFR0=00h-01Fh -ASFR1=080h-09Fh \
  -ASFR2=0100h-016Fh -ASFR3=0180h-01EFh -ASFR4=0200h-026Fh \
  -ASFR5=0280h-02EFh -ASFR6=0300h-036Fh -ASFR7=0380h-03EFh \
  -ASFR8=0400h-046Fh -ASFR9=0480h-04EFh -ASFR10=0500h-056Fh \
  -ASFR11=0580h-05EFh -ASFR12=0600h-066Fh -ASFR13=0680h-06EFh \
  -ASFR14=0700h-076Fh -ASFR15=0780h-07EFh -ASFR16=0800h-086Fh \
  -ASFR17=0880h-08EFh -ASFR18=0900h-096Fh -ASFR19=0980h-09EFh \
  -ASFR20=0A00h-0A6Fh -ASFR21=0A80h-0AEFh -ASFR22=0B00h-0B6Fh \
  -ASFR23=0B80h-0BEFh -ASFR24=0C00h-0C6Fh -ASFR25=0C80h-0CEFh \
  -ASFR26=0D00h-0D6Fh -ASFR27=0D80h-0DEFh -ASFR28=0E00h-0E6Fh \
  -ASFR29=0E80h-0EEFh -ASFR30=0F00h-0F6Fh -ASFR31=0F80h-0FEFh \
  -preset_vec=00h,intentry=04h,init,end_init -ppowerup=CODE -pcinit=CODE \
  -pfunctab=CODE -ACONFIG=08007h-08008h -pconfig=CONFIG -DCONFIG=2 \
  -AIDLOC=08000h-08003h -pidloc=IDLOC -DIDLOC=2 -AEEDATA=00h-0FFh/0F000h \
  -peeprom_data=EEDATA -DEEDATA=2 -DCODE=2 -DSTRCODE=2 -DSTRING=2 -DCONST=2 \
  -DENTRY=2 -k C:\Users\Mark\AppData\Local\Temp\s24g.obj \
  dist/default/debug\TXController.X.debug.obj 

Object code version is 3.11

Machine type is 12F1822



                Name                               Link     Load   Length Selector   Space Scale
C:\Users\Mark\AppData\Local\Temp\s24g.obj
                end_init                             11       11        1        8       0
                reset_vec                             0        0        2        0       0
                config                             8007     8007        2    1000E       0
dist/default/debug\TXController.X.debug.obj
                cinit                                12       12       20        8       0
                intentry                              4        4        D        8       0
                text54                              459      459        E      1F4       0
                text53                              3A4      3A4       16      1F4       0
                text52                              345      345       1A      1F4       0
                text51                               FA       FA       92      1F4       0
                text49                              38D      38D       17      1F4       0
                text48                              42E      42E        F      1F4       0
                text47                              2F6      2F6       1B      1F4       0
                text46                              207      207       2B      1F4       0
                text45                              2BF      2BF       1C      1F4       0
                text44                              32B      32B       1A      1F4       0
                text43                              232      232       2A      1F4       0
                text42                              41F      41F        F      1F4       0
                text41                              2A2      2A2       1D      1F4       0
                text40                              2DB      2DB       1B      1F4       0
                text39                              311      311       1A      1F4       0
                text38                              376      376       17      1F4       0
                text37                              410      410        F      1F4       0
                text36                              4FB      4FB        1      1F4       0
                text35                              4A8      4A8        D      1F4       0
                text34                              3BA      3BA       14      1F4       0
                text33                              49B      49B        D      1F4       0
                text32                              48E      48E        D      1F4       0
                text31                              481      481        D      1F4       0
                text30                              474      474        D      1F4       0
                text29                              467      467        D      1F4       0
                text28                              3E0      3E0       12      1F4       0
                text27                              4FA      4FA        1      1F4       0
                text26                              4F9      4F9        1      1F4       0
                text25                              4F8      4F8        1      1F4       0
                text24                              4F7      4F7        1      1F4       0
                text23                              4F6      4F6        1      1F4       0
                text22                              4F5      4F5        1      1F4       0
                text21                              4F4      4F4        1      1F4       0
                text20                              4F3      4F3        1      1F4       0
                text19                              4F2      4F2        1      1F4       0
                text18                              4F1      4F1        1      1F4       0
                text17                              4F0      4F0        1      1F4       0
                text16                              4EF      4EF        1      1F4       0
                text15                              4EE      4EE        1      1F4       0
                text14                              18C      18C       7B      1F4       0
                text13                              44B      44B        E      1F4       0
                text12                              4B5      4B5        C      1F4       0
                text11                              401      401        F      1F4       0
                text10                              3F2      3F2        F      1F4       0
                text9                               4CC      4CC        B      1F4       0
                text8                               43D      43D        E      1F4       0
                text7                               25C      25C       26      1F4       0
                text6                               4C1      4C1        B      1F4       0
                text5                               282      282       20      1F4       0
                text4                               4E9      4E9        3      1F4       0
                text3                               3CE      3CE       12      1F4       0
                text2                               35F      35F       17      1F4       0
                text1                               4EC      4EC        2      1F4       0
                maintext                            4E3      4E3        6      1F4       0
                cstackBANK0                          49       49       12       20       1
                cstackCOMMON                         77       77        7       70       1
                clrtext                             4DD      4DD        6      1F4       0
                dataBANK0                            5B       5B        6       20       1
                bssBANK0                             20       20       29       20       1
                bssCOMMON                            70       70        7       70       1
                nvBANK0                              61       61        1       20       1
                stringtext                           32       32       C8       64       0
                idataBANK0                          4D7      4D7        6      1F4       0

TOTAL           Name                               Link     Load   Length     Space
        CLASS   STACK          

        CLASS   CODE           
                end_init                             11       11        1         0
                cinit                                12       12       20         0
                intentry                              4        4        D         0
                reset_vec                             0        0        2         0
                text54                              459      459        E         0
                text53                              3A4      3A4       16         0
                text52                              345      345       1A         0
                text51                               FA       FA       92         0
                text49                              38D      38D       17         0
                text48                              42E      42E        F         0
                text47                              2F6      2F6       1B         0
                text46                              207      207       2B         0
                text45                              2BF      2BF       1C         0
                text44                              32B      32B       1A         0
                text43                              232      232       2A         0
                text42                              41F      41F        F         0
                text41                              2A2      2A2       1D         0
                text40                              2DB      2DB       1B         0
                text39                              311      311       1A         0
                text38                              376      376       17         0
                text37                              410      410        F         0
                text36                              4FB      4FB        1         0
                text35                              4A8      4A8        D         0
                text34                              3BA      3BA       14         0
                text33                              49B      49B        D         0
                text32                              48E      48E        D         0
                text31                              481      481        D         0
                text30                              474      474        D         0
                text29                              467      467        D         0
                text28                              3E0      3E0       12         0
                text27                              4FA      4FA        1         0
                text26                              4F9      4F9        1         0
                text25                              4F8      4F8        1         0
                text24                              4F7      4F7        1         0
                text23                              4F6      4F6        1         0
                text22                              4F5      4F5        1         0
                text21                              4F4      4F4        1         0
                text20                              4F3      4F3        1         0
                text19                              4F2      4F2        1         0
                text18                              4F1      4F1        1         0
                text17                              4F0      4F0        1         0
                text16                              4EF      4EF        1         0
                text15                              4EE      4EE        1         0
                text14                              18C      18C       7B         0
                text13                              44B      44B        E         0
                text12                              4B5      4B5        C         0
                text11                              401      401        F         0
                text10                              3F2      3F2        F         0
                text9                               4CC      4CC        B         0
                text8                               43D      43D        E         0
                text7                               25C      25C       26         0
                text6                               4C1      4C1        B         0
                text5                               282      282       20         0
                text4                               4E9      4E9        3         0
                text3                               3CE      3CE       12         0
                text2                               35F      35F       17         0
                text1                               4EC      4EC        2         0
                maintext                            4E3      4E3        6         0
                clrtext                             4DD      4DD        6         0
                idataBANK0                          4D7      4D7        6         0

        CLASS   STRCODE        
                stringtext                           32       32       C8         0

        CLASS   STRING         

        CLASS   CONST          

        CLASS   ENTRY          

        CLASS   COMMON         
                cstackCOMMON                         77       77        7         1
                bssCOMMON                            70       70        7         1

        CLASS   BANK0          
                cstackBANK0                          49       49       12         1
                dataBANK0                            5B       5B        6         1
                bssBANK0                             20       20       29         1
                nvBANK0                              61       61        1         1

        CLASS   BANK1          

        CLASS   BIGRAM         

        CLASS   RAM            

        CLASS   ABS1           
                abs_s1                               7E       7E        2         1

        CLASS   SFR0           

        CLASS   SFR1           

        CLASS   SFR2           

        CLASS   SFR3           

        CLASS   SFR4           

        CLASS   SFR5           

        CLASS   SFR6           

        CLASS   SFR7           

        CLASS   SFR8           

        CLASS   SFR9           

        CLASS   SFR10          

        CLASS   SFR11          

        CLASS   SFR12          

        CLASS   SFR13          

        CLASS   SFR14          

        CLASS   SFR15          

        CLASS   SFR16          

        CLASS   SFR17          

        CLASS   SFR18          

        CLASS   SFR19          

        CLASS   SFR20          

        CLASS   SFR21          

        CLASS   SFR22          

        CLASS   SFR23          

        CLASS   SFR24          

        CLASS   SFR25          

        CLASS   SFR26          

        CLASS   SFR27          

        CLASS   SFR28          

        CLASS   SFR29          

        CLASS   SFR30          

        CLASS   SFR31          

        CLASS   CONFIG         
                config                             8007     8007        2         0

        CLASS   IDLOC          

        CLASS   EEDATA         

        CLASS   BANK31         

        CLASS   BANK30         

        CLASS   BANK29         

        CLASS   BANK28         

        CLASS   BANK27         

        CLASS   BANK26         

        CLASS   BANK25         

        CLASS   BANK24         

        CLASS   BANK23         

        CLASS   BANK22         

        CLASS   BANK21         

        CLASS   BANK20         

        CLASS   BANK19         

        CLASS   BANK18         

        CLASS   BANK17         

        CLASS   BANK16         

        CLASS   BANK15         

        CLASS   BANK14         

        CLASS   BANK13         

        CLASS   BANK12         

        CLASS   BANK11         

        CLASS   BANK10         

        CLASS   BANK9          

        CLASS   BANK8          

        CLASS   BANK7          

        CLASS   BANK6          

        CLASS   BANK5          

        CLASS   BANK4          

        CLASS   BANK3          

        CLASS   BANK2          



SEGMENTS        Name                           Load    Length   Top    Selector   Space  Class     Delta

                reset_vec                      000000  000002  000002         0       0  CODE        2
                intentry                       000004  00002E  000032         8       0  CODE        2
                bssBANK0                       000020  000042  000062        20       1  BANK0       1
                stringtext                     000032  0000C8  0000FA        64       0  STRCODE     2
                bssCOMMON                      000070  00000E  00007E        70       1  COMMON      1
                text51                         0000FA  000402  0004FC       1F4       0  CODE        2
                config                         008007  000002  008009     1000E       0  CONFIG      2


UNUSED ADDRESS RANGES

        Name                Unused          Largest block    Delta
        BANK0            00062-0006F               E           1
        BANK1            000A0-000AF              10           1
        BIGRAM           02000-0205F              60           1
        CODE             00002-00003               2           2
                         004FC-007FF             304
        CONST            00002-00003               2           2
                         004FC-007FF             100
        EEDATA           0F000-0F0FF             100           2
        ENTRY            00002-00003               2           2
                         004FC-007FF             100
        IDLOC            08000-08003               4           2
        RAM              00062-0006F               E           1
                         000A0-000AF              10
        SFR0             00000-0001F              20           1
        SFR1             00080-0009F              20           1
        SFR10            00500-0056F              70           1
        SFR11            00580-005EF              70           1
        SFR12            00600-0066F              70           1
        SFR13            00680-006EF              70           1
        SFR14            00700-0076F              70           1
        SFR15            00780-007EF              70           1
        SFR16            00800-0086F              70           1
        SFR17            00880-008EF              70           1
        SFR18            00900-0096F              70           1
        SFR19            00980-009EF              70           1
        SFR2             00100-0016F              70           1
        SFR20            00A00-00A6F              70           1
        SFR21            00A80-00AEF              70           1
        SFR22            00B00-00B6F              70           1
        SFR23            00B80-00BEF              70           1
        SFR24            00C00-00C6F              70           1
        SFR25            00C80-00CEF              70           1
        SFR26            00D00-00D6F              70           1
        SFR27            00D80-00DEF              70           1
        SFR28            00E00-00E6F              70           1
        SFR29            00E80-00EEF              70           1
        SFR3             00180-001EF              70           1
        SFR30            00F00-00F6F              70           1
        SFR31            00F80-00FEF              70           1
        SFR4             00200-0026F              70           1
        SFR5             00280-002EF              70           1
        SFR6             00300-0036F              70           1
        SFR7             00380-003EF              70           1
        SFR8             00400-0046F              70           1
        SFR9             00480-004EF              70           1
        STACK            02042-0205F              1E           1
        STRCODE          00002-00003               2           2
                         004FC-007FF             304
        STRING           00002-00003               2           2
                         004FC-007FF             100

                                  Symbol Table

?___wmul                       cstackBANK0  00049
?_longTimerRead                cstackBANK0  00049
?_timerRead                    cstackBANK0  00049
_ANSELAbits                    (abs)        0018C
_INTCONbits                    (abs)        0000B
_IOCAFbits                     (abs)        00393
_IOCANbits                     (abs)        00392
_IOCAPbits                     (abs)        00391
_IOCInterrupt                  text53       003A4
_ISRCode                       intentry     00004
_LATAbits                      (abs)        0010C
_LEDInit                       text12       004B5
_LEDService                    text47       002F6
_LEDTimer                      bssBANK0     00042
_OSCCONbits                    (abs)        00099
_PIE1bits                      (abs)        00091
_PIR1bits                      (abs)        00011
_PORTAbits                     (abs)        0000C
_PR2                           (abs)        0001B
_T1CONbits                     (abs)        00018
_T1GCONbits                    (abs)        00019
_T2CONbits                     (abs)        0001C
_TMR1                          (abs)        00016
_TRISAbits                     (abs)        0008C
_WDTCONbits                    (abs)        00097
__CFG_BOREN$ON                 (abs)        00000
__CFG_BORV$LO                  (abs)        00000
__CFG_CLKOUTEN$OFF             (abs)        00000
__CFG_CP$OFF                   (abs)        00000
__CFG_CPD$OFF                  (abs)        00000
__CFG_FCMEN$OFF                (abs)        00000
__CFG_FOSC$INTOSC              (abs)        00000
__CFG_IESO$OFF                 (abs)        00000
__CFG_LVP$OFF                  (abs)        00000
__CFG_MCLRE$OFF                (abs)        00000
__CFG_PLLEN$ON                 (abs)        00000
__CFG_PWRTE$OFF                (abs)        00000
__CFG_STVREN$OFF               (abs)        00000
__CFG_WDTE$ON                  (abs)        00000
__CFG_WRT$OFF                  (abs)        00000
__Habs1                        abs1         00000
__Hbank0                       bank0        00000
__Hbank1                       bank1        00000
__Hbank10                      bank10       00000
__Hbank11                      bank11       00000
__Hbank12                      bank12       00000
__Hbank13                      bank13       00000
__Hbank14                      bank14       00000
__Hbank15                      bank15       00000
__Hbank16                      bank16       00000
__Hbank17                      bank17       00000
__Hbank18                      bank18       00000
__Hbank19                      bank19       00000
__Hbank2                       bank2        00000
__Hbank20                      bank20       00000
__Hbank21                      bank21       00000
__Hbank22                      bank22       00000
__Hbank23                      bank23       00000
__Hbank24                      bank24       00000
__Hbank25                      bank25       00000
__Hbank26                      bank26       00000
__Hbank27                      bank27       00000
__Hbank28                      bank28       00000
__Hbank29                      bank29       00000
__Hbank3                       bank3        00000
__Hbank30                      bank30       00000
__Hbank31                      bank31       00000
__Hbank4                       bank4        00000
__Hbank5                       bank5        00000
__Hbank6                       bank6        00000
__Hbank7                       bank7        00000
__Hbank8                       bank8        00000
__Hbank9                       bank9        00000
__Hbigram                      bigram       00000
__HbssBANK0                    bssBANK0     00000
__HbssCOMMON                   bssCOMMON    00000
__Hcinit                       cinit        00032
__Hclrtext                     clrtext      00000
__Hcode                        code         00000
__Hcommon                      common       00000
__Hconfig                      config       08009
__HcstackBANK0                 cstackBANK0  00000
__HcstackCOMMON                cstackCOMMON 00000
__HdataBANK0                   dataBANK0    00000
__Heeprom_data                 eeprom_data  00000
__Hend_init                    end_init     00012
__Hfunctab                     functab      00000
__HidataBANK0                  idataBANK0   00000
__Hidloc                       idloc        00000
__Hinit                        init         00011
__Hintentry                    intentry     00011
__Hmaintext                    maintext     00000
__HnvBANK0                     nvBANK0      00000
__Hpowerup                     powerup      00000
__Hram                         ram          00000
__Hreset_vec                   reset_vec    00002
__Hsfr0                        sfr0         00000
__Hsfr1                        sfr1         00000
__Hsfr10                       sfr10        00000
__Hsfr11                       sfr11        00000
__Hsfr12                       sfr12        00000
__Hsfr13                       sfr13        00000
__Hsfr14                       sfr14        00000
__Hsfr15                       sfr15        00000
__Hsfr16                       sfr16        00000
__Hsfr17                       sfr17        00000
__Hsfr18                       sfr18        00000
__Hsfr19                       sfr19        00000
__Hsfr2                        sfr2         00000
__Hsfr20                       sfr20        00000
__Hsfr21                       sfr21        00000
__Hsfr22                       sfr22        00000
__Hsfr23                       sfr23        00000
__Hsfr24                       sfr24        00000
__Hsfr25                       sfr25        00000
__Hsfr26                       sfr26        00000
__Hsfr27                       sfr27        00000
__Hsfr28                       sfr28        00000
__Hsfr29                       sfr29        00000
__Hsfr3                        sfr3         00000
__Hsfr30                       sfr30        00000
__Hsfr31                       sfr31        00000
__Hsfr4                        sfr4         00000
__Hsfr5                        sfr5         00000
__Hsfr6                        sfr6         00000
__Hsfr7                        sfr7         00000
__Hsfr8                        sfr8         00000
__Hsfr9                        sfr9         00000
__Hspace_0                     (abs)        08009
__Hspace_1                     (abs)        0007E
__Hspace_2                     (abs)        00000
__Hspace_3                     (abs)        00000
__Hstack                       stack        00000
__Hstrings                     strings      00000
__Hstringtext                  stringtext   00000
__Htext                        text         00000
__Labs1                        abs1         00000
__Lbank0                       bank0        00000
__Lbank1                       bank1        00000
__Lbank10                      bank10       00000
__Lbank11                      bank11       00000
__Lbank12                      bank12       00000
__Lbank13                      bank13       00000
__Lbank14                      bank14       00000
__Lbank15                      bank15       00000
__Lbank16                      bank16       00000
__Lbank17                      bank17       00000
__Lbank18                      bank18       00000
__Lbank19                      bank19       00000
__Lbank2                       bank2        00000
__Lbank20                      bank20       00000
__Lbank21                      bank21       00000
__Lbank22                      bank22       00000
__Lbank23                      bank23       00000
__Lbank24                      bank24       00000
__Lbank25                      bank25       00000
__Lbank26                      bank26       00000
__Lbank27                      bank27       00000
__Lbank28                      bank28       00000
__Lbank29                      bank29       00000
__Lbank3                       bank3        00000
__Lbank30                      bank30       00000
__Lbank31                      bank31       00000
__Lbank4                       bank4        00000
__Lbank5                       bank5        00000
__Lbank6                       bank6        00000
__Lbank7                       bank7        00000
__Lbank8                       bank8        00000
__Lbank9                       bank9        00000
__Lbigram                      bigram       00000
__LbssBANK0                    bssBANK0     00000
__LbssCOMMON                   bssCOMMON    00000
__Lcinit                       cinit        00012
__Lclrtext                     clrtext      00000
__Lcode                        code         00000
__Lcommon                      common       00000
__Lconfig                      config       08007
__LcstackBANK0                 cstackBANK0  00000
__LcstackCOMMON                cstackCOMMON 00000
__LdataBANK0                   dataBANK0    00000
__Leeprom_data                 eeprom_data  00000
__Lend_init                    end_init     00011
__Lfunctab                     functab      00000
__LidataBANK0                  idataBANK0   00000
__Lidloc                       idloc        00000
__Linit                        init         00011
__Lintentry                    intentry     00004
__Lmaintext                    maintext     00000
__LnvBANK0                     nvBANK0      00000
__Lpowerup                     powerup      00000
__Lram                         ram          00000
__Lreset_vec                   reset_vec    00000
__Lsfr0                        sfr0         00000
__Lsfr1                        sfr1         00000
__Lsfr10                       sfr10        00000
__Lsfr11                       sfr11        00000
__Lsfr12                       sfr12        00000
__Lsfr13                       sfr13        00000
__Lsfr14                       sfr14        00000
__Lsfr15                       sfr15        00000
__Lsfr16                       sfr16        00000
__Lsfr17                       sfr17        00000
__Lsfr18                       sfr18        00000
__Lsfr19                       sfr19        00000
__Lsfr2                        sfr2         00000
__Lsfr20                       sfr20        00000
__Lsfr21                       sfr21        00000
__Lsfr22                       sfr22        00000
__Lsfr23                       sfr23        00000
__Lsfr24                       sfr24        00000
__Lsfr25                       sfr25        00000
__Lsfr26                       sfr26        00000
__Lsfr27                       sfr27        00000
__Lsfr28                       sfr28        00000
__Lsfr29                       sfr29        00000
__Lsfr3                        sfr3         00000
__Lsfr30                       sfr30        00000
__Lsfr31                       sfr31        00000
__Lsfr4                        sfr4         00000
__Lsfr5                        sfr5         00000
__Lsfr6                        sfr6         00000
__Lsfr7                        sfr7         00000
__Lsfr8                        sfr8         00000
__Lsfr9                        sfr9         00000
__Lspace_0                     (abs)        00000
__Lspace_1                     (abs)        00000
__Lspace_2                     (abs)        00000
__Lspace_3                     (abs)        00000
__Lstack                       stack        00000
__Lstrings                     strings      00000
__Lstringtext                  stringtext   00000
__Ltext                        text         00000
__S0                           (abs)        08009
__S1                           (abs)        0007E
__S2                           (abs)        00000
__S3                           (abs)        00000
___int_sp                      stack        00000
___latbits                     (abs)        00000
___sp                          stack        00000
___wmul                        text45       002BF
___wmul@multiplicand           cstackBANK0  0004B
___wmul@multiplier             cstackBANK0  00049
___wmul@product                cstackBANK0  0004D
__end_of_IOCInterrupt          text53       003BA
__end_of_ISRCode               intentry     00011
__end_of_LEDInit               text12       004C1
__end_of_LEDService            text47       00311
__end_of___wmul                text45       002DB
__end_of__initialization       cinit        0002F
__end_of_beepRepeatedly        text38       0038D
__end_of_beeperInit            text10       00401
__end_of_beeperService         text46       00232
__end_of_eventHandlerInit      text7        00282
__end_of_eventHandlerService   text14       00207
__end_of_flashLED              text6        004CC
__end_of_getInitEvent          text41       002BF
__end_of_getRunEvent           text40       002F6
__end_of_hardwareInit          text5        002A2
__end_of_initIOCInterrupt      text9        004D7
__end_of_initInterrupt         text4        004EC
__end_of_initS1_Timeout        text35       004B5
__end_of_initS2_Timeout        text34       003CE
__end_of_initS3_greenHigh      text33       004A8
__end_of_initS4_greenLow       text32       0049B
__end_of_initS5_redHigh        text31       0048E
__end_of_initS6_redLow         text30       00481
__end_of_initS7_bothHigh       text29       00474
__end_of_initS8_bothLow        text28       003F2
__end_of_initStateTable        stringtext   000C2
__end_of_init_NoAction         text36       004FC
__end_of_init_Restart          text37       0041F
__end_of_initialise            text2        00376
__end_of_kickWatchDog          text1        004EE
__end_of_longTimerGet          text8        0044B
__end_of_longTimerLock         text44       00345
__end_of_longTimerRead         text43       0025C
__end_of_longTimerSet          text39       0032B
__end_of_main                  maintext     004E9
__end_of_runS1_Error           text24       004F8
__end_of_runS1_Initialised     text25       004F9
__end_of_runS1_Timeout         text26       004FA
__end_of_runS2_BeepReceived    text21       004F5
__end_of_runS2_Error           text22       004F6
__end_of_runS2_Timeout         text23       004F7
__end_of_runS3_Error           text19       004F3
__end_of_runS3_GreenFlashing   text18       004F2
__end_of_runS3_Timeout         text20       004F4
__end_of_runS4_Error           text15       004EF
__end_of_runS4_GreenSteadyLow  text16       004F0
__end_of_runS4_Timeout         text17       004F1
__end_of_runStateTable         stringtext   000FA
__end_of_run_NoAction          text27       004FB
__end_of_timer2Init            text11       00410
__end_of_timer2Interrupt       text52       0035F
__end_of_timerGet              text13       00459
__end_of_timerInit             text3        003E0
__end_of_timerInterrupt        text51       0018C
__end_of_timerLock             text42       0042E
__end_of_timerRead             text49       003A4
__end_of_timerSet              text48       0043D
__end_ofi1_timerSet            text54       00467
__initialization               cinit        00012
__pbssBANK0                    bssBANK0     00020
__pbssCOMMON                   bssCOMMON    00070
__pcstackBANK0                 cstackBANK0  00049
__pcstackCOMMON                cstackCOMMON 00077
__pdataBANK0                   dataBANK0    0005B
__pidataBANK0                  idataBANK0   004D7
__pintentry                    intentry     00004
__pmaintext                    maintext     004E3
__pnvBANK0                     nvBANK0      00061
__pstringtext                  stringtext   00032
__ptext1                       text1        004EC
__ptext10                      text10       003F2
__ptext11                      text11       00401
__ptext12                      text12       004B5
__ptext13                      text13       0044B
__ptext14                      text14       0018C
__ptext15                      text15       004EE
__ptext16                      text16       004EF
__ptext17                      text17       004F0
__ptext18                      text18       004F1
__ptext19                      text19       004F2
__ptext2                       text2        0035F
__ptext20                      text20       004F3
__ptext21                      text21       004F4
__ptext22                      text22       004F5
__ptext23                      text23       004F6
__ptext24                      text24       004F7
__ptext25                      text25       004F8
__ptext26                      text26       004F9
__ptext27                      text27       004FA
__ptext28                      text28       003E0
__ptext29                      text29       00467
__ptext3                       text3        003CE
__ptext30                      text30       00474
__ptext31                      text31       00481
__ptext32                      text32       0048E
__ptext33                      text33       0049B
__ptext34                      text34       003BA
__ptext35                      text35       004A8
__ptext36                      text36       004FB
__ptext37                      text37       00410
__ptext38                      text38       00376
__ptext39                      text39       00311
__ptext4                       text4        004E9
__ptext40                      text40       002DB
__ptext41                      text41       002A2
__ptext42                      text42       0041F
__ptext43                      text43       00232
__ptext44                      text44       0032B
__ptext45                      text45       002BF
__ptext46                      text46       00207
__ptext47                      text47       002F6
__ptext48                      text48       0042E
__ptext49                      text49       0038D
__ptext5                       text5        00282
__ptext51                      text51       000FA
__ptext52                      text52       00345
__ptext53                      text53       003A4
__ptext54                      text54       00459
__ptext6                       text6        004C1
__ptext7                       text7        0025C
__ptext8                       text8        0043D
__ptext9                       text9        004CC
__size_of_IOCInterrupt         (abs)        00000
__size_of_ISRCode              (abs)        00000
__size_of_LEDInit              (abs)        00000
__size_of_LEDService           (abs)        00000
__size_of___wmul               (abs)        00000
__size_of_beepRepeatedly       (abs)        00000
__size_of_beeperInit           (abs)        00000
__size_of_beeperService        (abs)        00000
__size_of_eventHandlerInit     (abs)        00000
__size_of_eventHandlerService  (abs)        00000
__size_of_flashLED             (abs)        00000
__size_of_getInitEvent         (abs)        00000
__size_of_getRunEvent          (abs)        00000
__size_of_hardwareInit         (abs)        00000
__size_of_initIOCInterrupt     (abs)        00000
__size_of_initInterrupt        (abs)        00000
__size_of_initS1_Timeout       (abs)        00000
__size_of_initS2_Timeout       (abs)        00000
__size_of_initS3_greenHigh     (abs)        00000
__size_of_initS4_greenLow      (abs)        00000
__size_of_initS5_redHigh       (abs)        00000
__size_of_initS6_redLow        (abs)        00000
__size_of_initS7_bothHigh      (abs)        00000
__size_of_initS8_bothLow       (abs)        00000
__size_of_init_NoAction        (abs)        00000
__size_of_init_Restart         (abs)        00000
__size_of_initialise           (abs)        00000
__size_of_kickWatchDog         (abs)        00000
__size_of_longTimerGet         (abs)        00000
__size_of_longTimerLock        (abs)        00000
__size_of_longTimerRead        (abs)        00000
__size_of_longTimerSet         (abs)        00000
__size_of_main                 (abs)        00000
__size_of_runS1_Error          (abs)        00000
__size_of_runS1_Initialised    (abs)        00000
__size_of_runS1_Timeout        (abs)        00000
__size_of_runS2_BeepReceived   (abs)        00000
__size_of_runS2_Error          (abs)        00000
__size_of_runS2_Timeout        (abs)        00000
__size_of_runS3_Error          (abs)        00000
__size_of_runS3_GreenFlashing  (abs)        00000
__size_of_runS3_Timeout        (abs)        00000
__size_of_runS4_Error          (abs)        00000
__size_of_runS4_GreenSteadyLow (abs)        00000
__size_of_runS4_Timeout        (abs)        00000
__size_of_run_NoAction         (abs)        00000
__size_of_timer2Init           (abs)        00000
__size_of_timer2Interrupt      (abs)        00000
__size_of_timerGet             (abs)        00000
__size_of_timerInit            (abs)        00000
__size_of_timerInterrupt       (abs)        00000
__size_of_timerLock            (abs)        00000
__size_of_timerRead            (abs)        00000
__size_of_timerSet             (abs)        00000
__size_ofi1_timerSet           (abs)        00000
_beepRate                      dataBANK0    0005B
_beepRepeatedly                text38       00376
_beeperInit                    text10       003F2
_beeperOn                      bssBANK0     0003C
_beeperService                 text46       00207
_beeperTimer                   bssBANK0     0003F
_beeperToggle                  bssBANK0     0003E
_buzzerStarted                 bssCOMMON    00076
_buzzerTimer                   bssBANK0     00036
_delayTimer                    bssBANK0     00032
_eventHandlerInit              text7        0025C
_eventHandlerService           text14       0018C
_eventHandlerTimer             nvBANK0      00061
_flashLED                      text6        004C1
_flashRate                     dataBANK0    0005D
_flasherToggle                 bssBANK0     00041
_flashing                      bssBANK0     00040
_getInitEvent                  text41       002A2
_getRunEvent                   text40       002DB
_hardwareInit                  text5        00282
_initEvent                     bssBANK0     00047
_initIOCInterrupt              text9        004CC
_initInterrupt                 text4        004E9
_initS1_Timeout                text35       004A8
_initS2_Timeout                text34       003BA
_initS3_greenHigh              text33       0049B
_initS4_greenLow               text32       0048E
_initS5_redHigh                text31       00481
_initS6_redLow                 text30       00474
_initS7_bothHigh               text29       00467
_initS8_bothLow                text28       003E0
_initSMTimer                   bssBANK0     0003A
_initState                     bssBANK0     00048
_initStateTable                stringtext   00032
_init_NoAction                 text36       004FB
_init_Restart                  text37       00410
_initialise                    text2        0035F
_kickWatchDog                  text1        004EC
_lastInitEvent                 bssBANK0     00044
_lastRunEvent                  bssBANK0     00043
_longTimerGet                  text8        0043D
_longTimerLock                 text44       0032B
_longTimerRead                 text43       00232
_longTimerSet                  text39       00311
_longTimers                    bssCOMMON    00070
_main                          maintext     004E3
_minuteTimer                   bssBANK0     00034
_nBeeps                        bssBANK0     00030
_numLongTimers                 bssCOMMON    00074
_numTimers                     bssCOMMON    00075
_repeatedBeeping               bssBANK0     0003D
_runEvent                      bssBANK0     00045
_runS1_Error                   text24       004F7
_runS1_Initialised             text25       004F8
_runS1_Timeout                 text26       004F9
_runS2_BeepReceived            text21       004F4
_runS2_Error                   text22       004F5
_runS2_Timeout                 text23       004F6
_runS3_Error                   text19       004F2
_runS3_GreenFlashing           text18       004F1
_runS3_Timeout                 text20       004F3
_runS4_Error                   text15       004EE
_runS4_GreenSteadyLow          text16       004EF
_runS4_Timeout                 text17       004F0
_runSMTimer                    bssBANK0     00038
_runState                      bssBANK0     00046
_runStateTable                 stringtext   000C2
_run_NoAction                  text27       004FA
_timer2Init                    text11       00401
_timer2Interrupt               text52       00345
_timerGet                      text13       0044B
_timerInit                     text3        003CE
_timerInterrupt                text51       000FA
_timerLock                     text42       0041F
_timerRead                     text49       0038D
_timerSet                      text48       0042E
_timers                        bssBANK0     00020
beepRepeatedly@n               cstackBANK0  0004B
beepRepeatedly@period          cstackBANK0  00049
btemp                          (abs)        0007E
clear_ram0                     clrtext      004DD
end_of_initialization          cinit        0002F
flashLED@period                cstackBANK0  00049
i1_timerSet                    text54       00459
i1timerSet@duration            cstackCOMMON 00077
i1timerSet@index               cstackCOMMON 00079
int$flags                      (abs)        0007E
intlevel0                      functab      00000
intlevel1                      functab      00000
intlevel2                      functab      00000
intlevel3                      functab      00000
intlevel4                      functab      00000
intlevel5                      functab      00000
longTimerGet@result            cstackBANK0  0004C
longTimerLock@index            cstackBANK0  0004A
longTimerRead@index            cstackBANK0  00052
longTimerRead@result           cstackBANK0  0004E
longTimerSet@duration          cstackBANK0  00049
longTimerSet@index             cstackBANK0  0004E
reset_vec                      reset_vec    00000
stackhi                        (abs)        0205F
stacklo                        (abs)        02042
start                          init         00011
start_initialization           cinit        00012
timerGet@result                cstackBANK0  0004B
timerInterrupt@i               cstackCOMMON 0007C
timerLock@index                cstackBANK0  00049
timerRead@index                cstackBANK0  0004E
timerRead@result               cstackBANK0  0004C
timerSet@duration              cstackBANK0  00049
timerSet@index                 cstackBANK0  0004B
wtemp0                         (abs)        0007E


FUNCTION INFORMATION:

 *************** function _main *****************
 Defined at:
		line 29 in file "../source/main.c"
 Parameters:    Size  Location     Type
		None
 Auto vars:     Size  Location     Type
		None
 Return value:  Size  Location     Type
                  1    wreg      void 
 Registers used:
		wreg, fsr0l, fsr0h, fsr1l, fsr1h, status,2, status,0, pclath, cstack
 Tracked objects:
		On entry : 
		On exit  : 
		Unchanged: 
 Data sizes:     COMMON   BANK0   BANK1
      Params:         0       0       0
      Locals:         0       0       0
      Temps:          0       0       0
      Totals:         0       0       0
Total ram usage:        0 bytes
 Hardware stack levels required when called:    7
 This function calls:
		_LEDService
		_beeperService
		_eventHandlerService
		_initialise
		_kickWatchDog
 This function is called by:
		Startup code after reset
 This function uses a non-reentrant model


 *************** function _kickWatchDog *****************
 Defined at:
		line 18 in file "../source/main.c"
 Parameters:    Size  Location     Type
		None
 Auto vars:     Size  Location     Type
		None
 Return value:  Size  Location     Type
                  1    wreg      void 
 Registers used:
		None
 Tracked objects:
		On entry : 
		On exit  : 
		Unchanged: 
 Data sizes:     COMMON   BANK0   BANK1
      Params:         0       0       0
      Locals:         0       0       0
      Temps:          0       0       0
      Totals:         0       0       0
Total ram usage:        0 bytes
 Hardware stack levels used:    1
 Hardware stack levels required when called:    3
 This function calls:
		Nothing
 This function is called by:
		_main
 This function uses a non-reentrant model


 *************** function _initialise *****************
 Defined at:
		line 47 in file "../source/main.c"
 Parameters:    Size  Location     Type
		None
 Auto vars:     Size  Location     Type
		None
 Return value:  Size  Location     Type
                  1    wreg      void 
 Registers used:
		wreg, fsr1l, fsr1h, status,2, status,0, pclath, cstack
 Tracked objects:
		On entry : 
		On exit  : 
		Unchanged: 
 Data sizes:     COMMON   BANK0   BANK1
      Params:         0       0       0
      Locals:         0       0       0
      Temps:          0       0       0
      Totals:         0       0       0
Total ram usage:        0 bytes
 Hardware stack levels used:    1
 Hardware stack levels required when called:    6
 This function calls:
		_LEDInit
		_beepRepeatedly
		_beeperInit
		_eventHandlerInit
		_flashLED
		_hardwareInit
		_initInterrupt
		_timerInit
 This function is called by:
		_main
 This function uses a non-reentrant model


 *************** function _timerInit *****************
 Defined at:
		line 25 in file "../source/timer.c"
 Parameters:    Size  Location     Type
		None
 Auto vars:     Size  Location     Type
		None
 Return value:  Size  Location     Type
                  1    wreg      void 
 Registers used:
		status,2
 Tracked objects:
		On entry : 
		On exit  : 
		Unchanged: 
 Data sizes:     COMMON   BANK0   BANK1
      Params:         0       0       0
      Locals:         0       0       0
      Temps:          0       0       0
      Totals:         0       0       0
Total ram usage:        0 bytes
 Hardware stack levels used:    1
 Hardware stack levels required when called:    3
 This function calls:
		Nothing
 This function is called by:
		_initialise
 This function uses a non-reentrant model


 *************** function _initInterrupt *****************
 Defined at:
		line 16 in file "../source/interrupt.c"
 Parameters:    Size  Location     Type
		None
 Auto vars:     Size  Location     Type
		None
 Return value:  Size  Location     Type
                  1    wreg      void 
 Registers used:
		None
 Tracked objects:
		On entry : 
		On exit  : 
		Unchanged: 
 Data sizes:     COMMON   BANK0   BANK1
      Params:         0       0       0
      Locals:         0       0       0
      Temps:          0       0       0
      Totals:         0       0       0
Total ram usage:        0 bytes
 Hardware stack levels used:    1
 Hardware stack levels required when called:    3
 This function calls:
		Nothing
 This function is called by:
		_initialise
 This function uses a non-reentrant model


 *************** function _hardwareInit *****************
 Defined at:
		line 65 in file "../source/main.c"
 Parameters:    Size  Location     Type
		None
 Auto vars:     Size  Location     Type
		None
 Return value:  Size  Location     Type
                  1    wreg      void 
 Registers used:
		wreg, status,2, status,0
 Tracked objects:
		On entry : 
		On exit  : 
		Unchanged: 
 Data sizes:     COMMON   BANK0   BANK1
      Params:         0       0       0
      Locals:         0       0       0
      Temps:          0       0       0
      Totals:         0       0       0
Total ram usage:        0 bytes
 Hardware stack levels used:    1
 Hardware stack levels required when called:    3
 This function calls:
		Nothing
 This function is called by:
		_initialise
 This function uses a non-reentrant model


 *************** function _flashLED *****************
 Defined at:
		line 31 in file "../source/LED.c"
 Parameters:    Size  Location     Type
  period          2    0[BANK0 ] int 
 Auto vars:     Size  Location     Type
		None
 Return value:  Size  Location     Type
                  1    wreg      void 
 Registers used:
		wreg
 Tracked objects:
		On entry : 
		On exit  : 
		Unchanged: 
 Data sizes:     COMMON   BANK0   BANK1
      Params:         0       2       0
      Locals:         0       0       0
      Temps:          0       0       0
      Totals:         0       2       0
Total ram usage:        2 bytes
 Hardware stack levels used:    1
 Hardware stack levels required when called:    3
 This function calls:
		Nothing
 This function is called by:
		_initialise
 This function uses a non-reentrant model


 *************** function _eventHandlerInit *****************
 Defined at:
		line 76 in file "../source/eventhandler.c"
 Parameters:    Size  Location     Type
		None
 Auto vars:     Size  Location     Type
		None
 Return value:  Size  Location     Type
                  1    wreg      void 
 Registers used:
		wreg, fsr1l, fsr1h, status,2, status,0, pclath, cstack
 Tracked objects:
		On entry : 
		On exit  : 
		Unchanged: 
 Data sizes:     COMMON   BANK0   BANK1
      Params:         0       0       0
      Locals:         0       0       0
      Temps:          0       2       0
      Totals:         0       2       0
Total ram usage:        2 bytes
 Hardware stack levels used:    1
 Hardware stack levels required when called:    5
 This function calls:
		_initIOCInterrupt
		_init_Restart
		_longTimerGet
		_timerGet
		_timerSet
 This function is called by:
		_initialise
 This function uses a non-reentrant model


 *************** function _longTimerGet *****************
 Defined at:
		line 184 in file "../source/timer.c"
 Parameters:    Size  Location     Type
		None
 Auto vars:     Size  Location     Type
  result          1    3[BANK0 ] unsigned char 
 Return value:  Size  Location     Type
                  1    wreg      unsigned char 
 Registers used:
		wreg, fsr1l, fsr1h, status,2, status,0, pclath, cstack
 Tracked objects:
		On entry : 
		On exit  : 
		Unchanged: 
 Data sizes:     COMMON   BANK0   BANK1
      Params:         0       0       0
      Locals:         0       1       0
      Temps:          0       1       0
      Totals:         0       2       0
Total ram usage:        2 bytes
 Hardware stack levels used:    1
 Hardware stack levels required when called:    4
 This function calls:
		_longTimerLock
 This function is called by:
		_eventHandlerInit
 This function uses a non-reentrant model


 *************** function _initIOCInterrupt *****************
 Defined at:
		line 30 in file "../source/eventhandler.c"
 Parameters:    Size  Location     Type
		None
 Auto vars:     Size  Location     Type
		None
 Return value:  Size  Location     Type
                  1    wreg      void 
 Registers used:
		None
 Tracked objects:
		On entry : 
		On exit  : 
		Unchanged: 
 Data sizes:     COMMON   BANK0   BANK1
      Params:         0       0       0
      Locals:         0       0       0
      Temps:          0       0       0
      Totals:         0       0       0
Total ram usage:        0 bytes
 Hardware stack levels used:    1
 Hardware stack levels required when called:    3
 This function calls:
		Nothing
 This function is called by:
		_eventHandlerInit
 This function uses a non-reentrant model


 *************** function _beeperInit *****************
 Defined at:
		line 95 in file "../source/beeper.c"
 Parameters:    Size  Location     Type
		None
 Auto vars:     Size  Location     Type
		None
 Return value:  Size  Location     Type
                  1    wreg      void 
 Registers used:
		wreg, fsr1l, fsr1h, status,2, status,0, pclath, cstack
 Tracked objects:
		On entry : 
		On exit  : 
		Unchanged: 
 Data sizes:     COMMON   BANK0   BANK1
      Params:         0       0       0
      Locals:         0       0       0
      Temps:          0       1       0
      Totals:         0       1       0
Total ram usage:        1 bytes
 Hardware stack levels used:    1
 Hardware stack levels required when called:    5
 This function calls:
		_timer2Init
		_timerGet
		_timerSet
 This function is called by:
		_initialise
 This function uses a non-reentrant model


 *************** function _timer2Init *****************
 Defined at:
		line 29 in file "../source/beeper.c"
 Parameters:    Size  Location     Type
		None
 Auto vars:     Size  Location     Type
		None
 Return value:  Size  Location     Type
                  1    wreg      void 
 Registers used:
		wreg, status,2, status,0
 Tracked objects:
		On entry : 
		On exit  : 
		Unchanged: 
 Data sizes:     COMMON   BANK0   BANK1
      Params:         0       0       0
      Locals:         0       0       0
      Temps:          0       0       0
      Totals:         0       0       0
Total ram usage:        0 bytes
 Hardware stack levels used:    1
 Hardware stack levels required when called:    3
 This function calls:
		Nothing
 This function is called by:
		_beeperInit
 This function uses a non-reentrant model


 *************** function _LEDInit *****************
 Defined at:
		line 40 in file "../source/LED.c"
 Parameters:    Size  Location     Type
		None
 Auto vars:     Size  Location     Type
		None
 Return value:  Size  Location     Type
                  1    wreg      void 
 Registers used:
		wreg, fsr1l, fsr1h, status,2, status,0, pclath, cstack
 Tracked objects:
		On entry : 
		On exit  : 
		Unchanged: 
 Data sizes:     COMMON   BANK0   BANK1
      Params:         0       0       0
      Locals:         0       0       0
      Temps:          0       1       0
      Totals:         0       1       0
Total ram usage:        1 bytes
 Hardware stack levels used:    1
 Hardware stack levels required when called:    5
 This function calls:
		_timerGet
		_timerSet
 This function is called by:
		_initialise
 This function uses a non-reentrant model


 *************** function _timerGet *****************
 Defined at:
		line 99 in file "../source/timer.c"
 Parameters:    Size  Location     Type
		None
 Auto vars:     Size  Location     Type
  result          1    2[BANK0 ] unsigned char 
 Return value:  Size  Location     Type
                  1    wreg      unsigned char 
 Registers used:
		wreg, fsr1l, fsr1h, status,2, status,0, pclath, cstack
 Tracked objects:
		On entry : 
		On exit  : 
		Unchanged: 
 Data sizes:     COMMON   BANK0   BANK1
      Params:         0       0       0
      Locals:         0       1       0
      Temps:          0       1       0
      Totals:         0       2       0
Total ram usage:        2 bytes
 Hardware stack levels used:    1
 Hardware stack levels required when called:    4
 This function calls:
		_timerLock
 This function is called by:
		_eventHandlerInit
		_LEDInit
		_beeperInit
 This function uses a non-reentrant model


 *************** function _eventHandlerService *****************
 Defined at:
		line 88 in file "../source/eventhandler.c"
 Parameters:    Size  Location     Type
		None
 Auto vars:     Size  Location     Type
		None
 Return value:  Size  Location     Type
                  1    wreg      void 
 Registers used:
		wreg, fsr0l, fsr0h, fsr1l, fsr1h, status,2, status,0, pclath, cstack
 Tracked objects:
		On entry : 
		On exit  : 
		Unchanged: 
 Data sizes:     COMMON   BANK0   BANK1
      Params:         0       0       0
      Locals:         0       0       0
      Temps:          0       8       0
      Totals:         0       8       0
Total ram usage:        8 bytes
 Hardware stack levels used:    1
 Hardware stack levels required when called:    5
 This function calls:
		___wmul
		_getInitEvent
		_getRunEvent
		_initS1_Timeout
		_initS2_Timeout
		_initS3_greenHigh
		_initS4_greenLow
		_initS5_redHigh
		_initS6_redLow
		_initS7_bothHigh
		_initS8_bothLow
		_init_NoAction
		_init_Restart
		_runS1_Error
		_runS1_Initialised
		_runS1_Timeout
		_runS2_BeepReceived
		_runS2_Error
		_runS2_Timeout
		_runS3_Error
		_runS3_GreenFlashing
		_runS3_Timeout
		_runS4_Error
		_runS4_GreenSteadyLow
		_runS4_Timeout
		_run_NoAction
		_timerRead
		_timerSet
 This function is called by:
		_main
 This function uses a non-reentrant model


 *************** function _runS4_Error *****************
 Defined at:
		line 267 in file "../source/eventhandler.c"
 Parameters:    Size  Location     Type
		None
 Auto vars:     Size  Location     Type
		None
 Return value:  Size  Location     Type
                  1    wreg      void 
 Registers used:
		None
 Tracked objects:
		On entry : 
		On exit  : 
		Unchanged: 
 Data sizes:     COMMON   BANK0   BANK1
      Params:         0       0       0
      Locals:         0       0       0
      Temps:          0       0       0
      Totals:         0       0       0
Total ram usage:        0 bytes
 Hardware stack levels used:    1
 Hardware stack levels required when called:    3
 This function calls:
		Nothing
 This function is called by:
		_eventHandlerService
 This function uses a non-reentrant model


 *************** function _runS4_GreenSteadyLow *****************
 Defined at:
		line 277 in file "../source/eventhandler.c"
 Parameters:    Size  Location     Type
		None
 Auto vars:     Size  Location     Type
		None
 Return value:  Size  Location     Type
                  1    wreg      void 
 Registers used:
		None
 Tracked objects:
		On entry : 
		On exit  : 
		Unchanged: 
 Data sizes:     COMMON   BANK0   BANK1
      Params:         0       0       0
      Locals:         0       0       0
      Temps:          0       0       0
      Totals:         0       0       0
Total ram usage:        0 bytes
 Hardware stack levels used:    1
 Hardware stack levels required when called:    3
 This function calls:
		Nothing
 This function is called by:
		_eventHandlerService
 This function uses a non-reentrant model


 *************** function _runS4_Timeout *****************
 Defined at:
		line 272 in file "../source/eventhandler.c"
 Parameters:    Size  Location     Type
		None
 Auto vars:     Size  Location     Type
		None
 Return value:  Size  Location     Type
                  1    wreg      void 
 Registers used:
		None
 Tracked objects:
		On entry : 
		On exit  : 
		Unchanged: 
 Data sizes:     COMMON   BANK0   BANK1
      Params:         0       0       0
      Locals:         0       0       0
      Temps:          0       0       0
      Totals:         0       0       0
Total ram usage:        0 bytes
 Hardware stack levels used:    1
 Hardware stack levels required when called:    3
 This function calls:
		Nothing
 This function is called by:
		_eventHandlerService
 This function uses a non-reentrant model


 *************** function _runS3_GreenFlashing *****************
 Defined at:
		line 262 in file "../source/eventhandler.c"
 Parameters:    Size  Location     Type
		None
 Auto vars:     Size  Location     Type
		None
 Return value:  Size  Location     Type
                  1    wreg      void 
 Registers used:
		None
 Tracked objects:
		On entry : 
		On exit  : 
		Unchanged: 
 Data sizes:     COMMON   BANK0   BANK1
      Params:         0       0       0
      Locals:         0       0       0
      Temps:          0       0       0
      Totals:         0       0       0
Total ram usage:        0 bytes
 Hardware stack levels used:    1
 Hardware stack levels required when called:    3
 This function calls:
		Nothing
 This function is called by:
		_eventHandlerService
 This function uses a non-reentrant model


 *************** function _runS3_Error *****************
 Defined at:
		line 252 in file "../source/eventhandler.c"
 Parameters:    Size  Location     Type
		None
 Auto vars:     Size  Location     Type
		None
 Return value:  Size  Location     Type
                  1    wreg      void 
 Registers used:
		None
 Tracked objects:
		On entry : 
		On exit  : 
		Unchanged: 
 Data sizes:     COMMON   BANK0   BANK1
      Params:         0       0       0
      Locals:         0       0       0
      Temps:          0       0       0
      Totals:         0       0       0
Total ram usage:        0 bytes
 Hardware stack levels used:    1
 Hardware stack levels required when called:    3
 This function calls:
		Nothing
 This function is called by:
		_eventHandlerService
 This function uses a non-reentrant model


 *************** function _runS3_Timeout *****************
 Defined at:
		line 257 in file "../source/eventhandler.c"
 Parameters:    Size  Location     Type
		None
 Auto vars:     Size  Location     Type
		None
 Return value:  Size  Location     Type
                  1    wreg      void 
 Registers used:
		None
 Tracked objects:
		On entry : 
		On exit  : 
		Unchanged: 
 Data sizes:     COMMON   BANK0   BANK1
      Params:         0       0       0
      Locals:         0       0       0
      Temps:          0       0       0
      Totals:         0       0       0
Total ram usage:        0 bytes
 Hardware stack levels used:    1
 Hardware stack levels required when called:    3
 This function calls:
		Nothing
 This function is called by:
		_eventHandlerService
 This function uses a non-reentrant model


 *************** function _runS2_BeepReceived *****************
 Defined at:
		line 247 in file "../source/eventhandler.c"
 Parameters:    Size  Location     Type
		None
 Auto vars:     Size  Location     Type
		None
 Return value:  Size  Location     Type
                  1    wreg      void 
 Registers used:
		None
 Tracked objects:
		On entry : 
		On exit  : 
		Unchanged: 
 Data sizes:     COMMON   BANK0   BANK1
      Params:         0       0       0
      Locals:         0       0       0
      Temps:          0       0       0
      Totals:         0       0       0
Total ram usage:        0 bytes
 Hardware stack levels used:    1
 Hardware stack levels required when called:    3
 This function calls:
		Nothing
 This function is called by:
		_eventHandlerService
 This function uses a non-reentrant model


 *************** function _runS2_Error *****************
 Defined at:
		line 237 in file "../source/eventhandler.c"
 Parameters:    Size  Location     Type
		None
 Auto vars:     Size  Location     Type
		None
 Return value:  Size  Location     Type
                  1    wreg      void 
 Registers used:
		None
 Tracked objects:
		On entry : 
		On exit  : 
		Unchanged: 
 Data sizes:     COMMON   BANK0   BANK1
      Params:         0       0       0
      Locals:         0       0       0
      Temps:          0       0       0
      Totals:         0       0       0
Total ram usage:        0 bytes
 Hardware stack levels used:    1
 Hardware stack levels required when called:    3
 This function calls:
		Nothing
 This function is called by:
		_eventHandlerService
 This function uses a non-reentrant model


 *************** function _runS2_Timeout *****************
 Defined at:
		line 242 in file "../source/eventhandler.c"
 Parameters:    Size  Location     Type
		None
 Auto vars:     Size  Location     Type
		None
 Return value:  Size  Location     Type
                  1    wreg      void 
 Registers used:
		None
 Tracked objects:
		On entry : 
		On exit  : 
		Unchanged: 
 Data sizes:     COMMON   BANK0   BANK1
      Params:         0       0       0
      Locals:         0       0       0
      Temps:          0       0       0
      Totals:         0       0       0
Total ram usage:        0 bytes
 Hardware stack levels used:    1
 Hardware stack levels required when called:    3
 This function calls:
		Nothing
 This function is called by:
		_eventHandlerService
 This function uses a non-reentrant model


 *************** function _runS1_Error *****************
 Defined at:
		line 222 in file "../source/eventhandler.c"
 Parameters:    Size  Location     Type
		None
 Auto vars:     Size  Location     Type
		None
 Return value:  Size  Location     Type
                  1    wreg      void 
 Registers used:
		None
 Tracked objects:
		On entry : 
		On exit  : 
		Unchanged: 
 Data sizes:     COMMON   BANK0   BANK1
      Params:         0       0       0
      Locals:         0       0       0
      Temps:          0       0       0
      Totals:         0       0       0
Total ram usage:        0 bytes
 Hardware stack levels used:    1
 Hardware stack levels required when called:    3
 This function calls:
		Nothing
 This function is called by:
		_eventHandlerService
 This function uses a non-reentrant model


 *************** function _runS1_Initialised *****************
 Defined at:
		line 232 in file "../source/eventhandler.c"
 Parameters:    Size  Location     Type
		None
 Auto vars:     Size  Location     Type
		None
 Return value:  Size  Location     Type
                  1    wreg      void 
 Registers used:
		None
 Tracked objects:
		On entry : 
		On exit  : 
		Unchanged: 
 Data sizes:     COMMON   BANK0   BANK1
      Params:         0       0       0
      Locals:         0       0       0
      Temps:          0       0       0
      Totals:         0       0       0
Total ram usage:        0 bytes
 Hardware stack levels used:    1
 Hardware stack levels required when called:    3
 This function calls:
		Nothing
 This function is called by:
		_eventHandlerService
 This function uses a non-reentrant model


 *************** function _runS1_Timeout *****************
 Defined at:
		line 227 in file "../source/eventhandler.c"
 Parameters:    Size  Location     Type
		None
 Auto vars:     Size  Location     Type
		None
 Return value:  Size  Location     Type
                  1    wreg      void 
 Registers used:
		None
 Tracked objects:
		On entry : 
		On exit  : 
		Unchanged: 
 Data sizes:     COMMON   BANK0   BANK1
      Params:         0       0       0
      Locals:         0       0       0
      Temps:          0       0       0
      Totals:         0       0       0
Total ram usage:        0 bytes
 Hardware stack levels used:    1
 Hardware stack levels required when called:    3
 This function calls:
		Nothing
 This function is called by:
		_eventHandlerService
 This function uses a non-reentrant model


 *************** function _run_NoAction *****************
 Defined at:
		line 217 in file "../source/eventhandler.c"
 Parameters:    Size  Location     Type
		None
 Auto vars:     Size  Location     Type
		None
 Return value:  Size  Location     Type
                  1    wreg      void 
 Registers used:
		None
 Tracked objects:
		On entry : 
		On exit  : 
		Unchanged: 
 Data sizes:     COMMON   BANK0   BANK1
      Params:         0       0       0
      Locals:         0       0       0
      Temps:          0       0       0
      Totals:         0       0       0
Total ram usage:        0 bytes
 Hardware stack levels used:    1
 Hardware stack levels required when called:    3
 This function calls:
		Nothing
 This function is called by:
		_eventHandlerService
 This function uses a non-reentrant model


 *************** function _initS8_bothLow *****************
 Defined at:
		line 188 in file "../source/eventhandler.c"
 Parameters:    Size  Location     Type
		None
 Auto vars:     Size  Location     Type
		None
 Return value:  Size  Location     Type
                  1    wreg      void 
 Registers used:
		wreg, fsr1l, fsr1h, status,2, status,0, pclath, cstack
 Tracked objects:
		On entry : 
		On exit  : 
		Unchanged: 
 Data sizes:     COMMON   BANK0   BANK1
      Params:         0       0       0
      Locals:         0       0       0
      Temps:          0       1       0
      Totals:         0       1       0
Total ram usage:        1 bytes
 Hardware stack levels used:    1
 Hardware stack levels required when called:    4
 This function calls:
		_beepRepeatedly
		_timerLock
 This function is called by:
		_eventHandlerService
 This function uses a non-reentrant model


 *************** function _initS7_bothHigh *****************
 Defined at:
		line 182 in file "../source/eventhandler.c"
 Parameters:    Size  Location     Type
		None
 Auto vars:     Size  Location     Type
		None
 Return value:  Size  Location     Type
                  1    wreg      void 
 Registers used:
		wreg, fsr1l, fsr1h, status,2, status,0, pclath, cstack
 Tracked objects:
		On entry : 
		On exit  : 
		Unchanged: 
 Data sizes:     COMMON   BANK0   BANK1
      Params:         0       0       0
      Locals:         0       0       0
      Temps:          0       1       0
      Totals:         0       1       0
Total ram usage:        1 bytes
 Hardware stack levels used:    1
 Hardware stack levels required when called:    4
 This function calls:
		_timerSet
 This function is called by:
		_eventHandlerService
 This function uses a non-reentrant model


 *************** function _initS6_redLow *****************
 Defined at:
		line 176 in file "../source/eventhandler.c"
 Parameters:    Size  Location     Type
		None
 Auto vars:     Size  Location     Type
		None
 Return value:  Size  Location     Type
                  1    wreg      void 
 Registers used:
		wreg, fsr1l, fsr1h, status,2, status,0, pclath, cstack
 Tracked objects:
		On entry : 
		On exit  : 
		Unchanged: 
 Data sizes:     COMMON   BANK0   BANK1
      Params:         0       0       0
      Locals:         0       0       0
      Temps:          0       1       0
      Totals:         0       1       0
Total ram usage:        1 bytes
 Hardware stack levels used:    1
 Hardware stack levels required when called:    4
 This function calls:
		_timerSet
 This function is called by:
		_eventHandlerService
 This function uses a non-reentrant model


 *************** function _initS5_redHigh *****************
 Defined at:
		line 170 in file "../source/eventhandler.c"
 Parameters:    Size  Location     Type
		None
 Auto vars:     Size  Location     Type
		None
 Return value:  Size  Location     Type
                  1    wreg      void 
 Registers used:
		wreg, fsr1l, fsr1h, status,2, status,0, pclath, cstack
 Tracked objects:
		On entry : 
		On exit  : 
		Unchanged: 
 Data sizes:     COMMON   BANK0   BANK1
      Params:         0       0       0
      Locals:         0       0       0
      Temps:          0       1       0
      Totals:         0       1       0
Total ram usage:        1 bytes
 Hardware stack levels used:    1
 Hardware stack levels required when called:    4
 This function calls:
		_timerSet
 This function is called by:
		_eventHandlerService
 This function uses a non-reentrant model


 *************** function _initS4_greenLow *****************
 Defined at:
		line 164 in file "../source/eventhandler.c"
 Parameters:    Size  Location     Type
		None
 Auto vars:     Size  Location     Type
		None
 Return value:  Size  Location     Type
                  1    wreg      void 
 Registers used:
		wreg, fsr1l, fsr1h, status,2, status,0, pclath, cstack
 Tracked objects:
		On entry : 
		On exit  : 
		Unchanged: 
 Data sizes:     COMMON   BANK0   BANK1
      Params:         0       0       0
      Locals:         0       0       0
      Temps:          0       1       0
      Totals:         0       1       0
Total ram usage:        1 bytes
 Hardware stack levels used:    1
 Hardware stack levels required when called:    4
 This function calls:
		_timerSet
 This function is called by:
		_eventHandlerService
 This function uses a non-reentrant model


 *************** function _initS3_greenHigh *****************
 Defined at:
		line 158 in file "../source/eventhandler.c"
 Parameters:    Size  Location     Type
		None
 Auto vars:     Size  Location     Type
		None
 Return value:  Size  Location     Type
                  1    wreg      void 
 Registers used:
		wreg, fsr1l, fsr1h, status,2, status,0, pclath, cstack
 Tracked objects:
		On entry : 
		On exit  : 
		Unchanged: 
 Data sizes:     COMMON   BANK0   BANK1
      Params:         0       0       0
      Locals:         0       0       0
      Temps:          0       1       0
      Totals:         0       1       0
Total ram usage:        1 bytes
 Hardware stack levels used:    1
 Hardware stack levels required when called:    4
 This function calls:
		_timerSet
 This function is called by:
		_eventHandlerService
 This function uses a non-reentrant model


 *************** function _initS2_Timeout *****************
 Defined at:
		line 145 in file "../source/eventhandler.c"
 Parameters:    Size  Location     Type
		None
 Auto vars:     Size  Location     Type
		None
 Return value:  Size  Location     Type
                  1    wreg      void 
 Registers used:
		wreg, fsr1l, fsr1h, status,2, status,0, pclath, cstack
 Tracked objects:
		On entry : 
		On exit  : 
		Unchanged: 
 Data sizes:     COMMON   BANK0   BANK1
      Params:         0       0       0
      Locals:         0       0       0
      Temps:          0       1       0
      Totals:         0       1       0
Total ram usage:        1 bytes
 Hardware stack levels used:    1
 Hardware stack levels required when called:    4
 This function calls:
		_longTimerSet
		_timerLock
 This function is called by:
		_eventHandlerService
 This function uses a non-reentrant model


 *************** function _initS1_Timeout *****************
 Defined at:
		line 138 in file "../source/eventhandler.c"
 Parameters:    Size  Location     Type
		None
 Auto vars:     Size  Location     Type
		None
 Return value:  Size  Location     Type
                  1    wreg      void 
 Registers used:
		wreg, fsr1l, fsr1h, status,2, status,0, pclath, cstack
 Tracked objects:
		On entry : 
[...]
		_eventHandlerInit
		_eventHandlerService
 This function uses a non-reentrant model


 *************** function _beepRepeatedly *****************
 Defined at:
		line 82 in file "../source/beeper.c"
 Parameters:    Size  Location     Type
  period          2    0[BANK0 ] int 
  n               2    2[BANK0 ] int 
 Auto vars:     Size  Location     Type
		None
 Return value:  Size  Location     Type
                  1    wreg      void 
 Registers used:
		wreg, status,2, status,0
 Tracked objects:
		On entry : 
		On exit  : 
		Unchanged: 
 Data sizes:     COMMON   BANK0   BANK1
      Params:         0       4       0
      Locals:         0       0       0
      Temps:          0       0       0
      Totals:         0       4       0
Total ram usage:        4 bytes
 Hardware stack levels used:    1
 Hardware stack levels required when called:    3
 This function calls:
		Nothing
 This function is called by:
		_initS8_bothLow
		_initialise
 This function uses a non-reentrant model


 *************** function _longTimerSet *****************
 Defined at:
		line 203 in file "../source/timer.c"
 Parameters:    Size  Location     Type
  index           1    wreg     unsigned char 
  duration        4    0[BANK0 ] unsigned long 
 Auto vars:     Size  Location     Type
  index           1    5[BANK0 ] unsigned char 
 Return value:  Size  Location     Type
                  1    wreg      void 
 Registers used:
		wreg, fsr1l, fsr1h, status,2, status,0
 Tracked objects:
		On entry : 
		On exit  : 
		Unchanged: 
 Data sizes:     COMMON   BANK0   BANK1
      Params:         0       4       0
      Locals:         0       1       0
      Temps:          0       1       0
      Totals:         0       6       0
Total ram usage:        6 bytes
 Hardware stack levels used:    1
 Hardware stack levels required when called:    3
 This function calls:
		Nothing
 This function is called by:
		_initS2_Timeout
 This function uses a non-reentrant model


 *************** function _getRunEvent *****************
 Defined at:
		line 282 in file "../source/eventhandler.c"
 Parameters:    Size  Location     Type
		None
 Auto vars:     Size  Location     Type
		None
 Return value:  Size  Location     Type
                  1    wreg      enum E2356
 Registers used:
		wreg, fsr1l, fsr1h, status,2, status,0, pclath, cstack
 Tracked objects:
		On entry : 
		On exit  : 
		Unchanged: 
 Data sizes:     COMMON   BANK0   BANK1
      Params:         0       0       0
      Locals:         0       0       0
      Temps:          0       0       0
      Totals:         0       0       0
Total ram usage:        0 bytes
 Hardware stack levels used:    1
 Hardware stack levels required when called:    4
 This function calls:
		_timerLock
		_timerRead
 This function is called by:
		_eventHandlerService
 This function uses a non-reentrant model


 *************** function _getInitEvent *****************
 Defined at:
		line 195 in file "../source/eventhandler.c"
 Parameters:    Size  Location     Type
		None
 Auto vars:     Size  Location     Type
		None
 Return value:  Size  Location     Type
                  1    wreg      enum E2237
 Registers used:
		wreg, fsr1l, fsr1h, status,2, status,0, pclath, cstack
 Tracked objects:
		On entry : 
		On exit  : 
		Unchanged: 
 Data sizes:     COMMON   BANK0   BANK1
      Params:         0       0       0
      Locals:         0       0       0
      Temps:          0       0       0
      Totals:         0       0       0
Total ram usage:        0 bytes
 Hardware stack levels used:    1
 Hardware stack levels required when called:    4
 This function calls:
		_longTimerLock
		_longTimerRead
		_timerLock
		_timerRead
 This function is called by:
		_eventHandlerService
 This function uses a non-reentrant model


 *************** function _timerLock *****************
 Defined at:
		line 152 in file "../source/timer.c"
 Parameters:    Size  Location     Type
  index           1    wreg     unsigned char 
 Auto vars:     Size  Location     Type
  index           1    0[BANK0 ] unsigned char 
 Return value:  Size  Location     Type
                  1    wreg      void 
 Registers used:
		wreg, fsr1l, fsr1h, status,2, status,0
 Tracked objects:
		On entry : 
		On exit  : 
		Unchanged: 
 Data sizes:     COMMON   BANK0   BANK1
      Params:         0       0       0
      Locals:         0       1       0
      Temps:          0       0       0
      Totals:         0       1       0
Total ram usage:        1 bytes
 Hardware stack levels used:    1
 Hardware stack levels required when called:    3
 This function calls:
		Nothing
 This function is called by:
		_initS2_Timeout
		_initS8_bothLow
		_getInitEvent
		_getRunEvent
		_timerGet
 This function uses a non-reentrant model


 *************** function _longTimerRead *****************
 Defined at:
		line 219 in file "../source/timer.c"
 Parameters:    Size  Location     Type
  index           1    wreg     unsigned char 
 Auto vars:     Size  Location     Type
  index           1    9[BANK0 ] unsigned char 
  result          4    5[BANK0 ] unsigned long 
 Return value:  Size  Location     Type
                  4    0[BANK0 ] unsigned long 
 Registers used:
		wreg, fsr1l, fsr1h, status,2, status,0
 Tracked objects:
		On entry : 
		On exit  : 
		Unchanged: 
 Data sizes:     COMMON   BANK0   BANK1
      Params:         0       4       0
      Locals:         0       5       0
      Temps:          0       1       0
      Totals:         0      10       0
Total ram usage:       10 bytes
 Hardware stack levels used:    1
 Hardware stack levels required when called:    3
 This function calls:
		Nothing
 This function is called by:
		_getInitEvent
 This function uses a non-reentrant model


 *************** function _longTimerLock *****************
 Defined at:
		line 237 in file "../source/timer.c"
 Parameters:    Size  Location     Type
  index           1    wreg     unsigned char 
 Auto vars:     Size  Location     Type
  index           1    1[BANK0 ] unsigned char 
 Return value:  Size  Location     Type
                  1    wreg      void 
 Registers used:
		wreg, fsr1l, fsr1h, status,2, status,0
 Tracked objects:
		On entry : 
		On exit  : 
		Unchanged: 
 Data sizes:     COMMON   BANK0   BANK1
      Params:         0       0       0
      Locals:         0       1       0
      Temps:          0       1       0
      Totals:         0       2       0
Total ram usage:        2 bytes
 Hardware stack levels used:    1
 Hardware stack levels required when called:    3
 This function calls:
		Nothing
 This function is called by:
		_getInitEvent
		_longTimerGet
 This function uses a non-reentrant model


 *************** function ___wmul *****************
 Defined at:
		line 15 in file "C:\Program Files (x86)\Microchip\xc8\v1.41\sources\common\Umul16.c"
 Parameters:    Size  Location     Type
  multiplier      2    0[BANK0 ] unsigned int 
  multiplicand    2    2[BANK0 ] unsigned int 
 Auto vars:     Size  Location     Type
  product         2    4[BANK0 ] unsigned int 
 Return value:  Size  Location     Type
                  2    0[BANK0 ] unsigned int 
 Registers used:
		wreg, status,2, status,0
 Tracked objects:
		On entry : 
		On exit  : 
		Unchanged: 
 Data sizes:     COMMON   BANK0   BANK1
      Params:         0       4       0
      Locals:         0       2       0
      Temps:          0       0       0
      Totals:         0       6       0
Total ram usage:        6 bytes
 Hardware stack levels used:    1
 Hardware stack levels required when called:    3
 This function calls:
		Nothing
 This function is called by:
		_eventHandlerService
 This function uses a non-reentrant model


 *************** function _beeperService *****************
 Defined at:
		line 103 in file "../source/beeper.c"
 Parameters:    Size  Location     Type
		None
 Auto vars:     Size  Location     Type
		None
 Return value:  Size  Location     Type
                  1    wreg      void 
 Registers used:
		wreg, fsr1l, fsr1h, status,2, status,0, pclath, cstack
 Tracked objects:
		On entry : 
		On exit  : 
		Unchanged: 
 Data sizes:     COMMON   BANK0   BANK1
      Params:         0       0       0
      Locals:         0       0       0
      Temps:          0       0       0
      Totals:         0       0       0
Total ram usage:        0 bytes
 Hardware stack levels used:    1
 Hardware stack levels required when called:    4
 This function calls:
		_timerRead
		_timerSet
 This function is called by:
		_main
 This function uses a non-reentrant model


 *************** function _LEDService *****************
 Defined at:
		line 47 in file "../source/LED.c"
 Parameters:    Size  Location     Type
		None
 Auto vars:     Size  Location     Type
		None
 Return value:  Size  Location     Type
                  1    wreg      void 
 Registers used:
		wreg, fsr1l, fsr1h, status,2, status,0, pclath, cstack
 Tracked objects:
		On entry : 
		On exit  : 
		Unchanged: 
 Data sizes:     COMMON   BANK0   BANK1
      Params:         0       0       0
      Locals:         0       0       0
      Temps:          0       0       0
      Totals:         0       0       0
Total ram usage:        0 bytes
 Hardware stack levels used:    1
 Hardware stack levels required when called:    4
 This function calls:
		_timerRead
		_timerSet
 This function is called by:
		_main
 This function uses a non-reentrant model


 *************** function _timerSet *****************
 Defined at:
		line 118 in file "../source/timer.c"
 Parameters:    Size  Location     Type
  index           1    wreg     unsigned char 
  duration        2    0[BANK0 ] unsigned int 
 Auto vars:     Size  Location     Type
  index           1    2[BANK0 ] unsigned char 
 Return value:  Size  Location     Type
                  1    wreg      void 
 Registers used:
		wreg, fsr1l, fsr1h, status,2, status,0
 Tracked objects:
		On entry : 
		On exit  : 
		Unchanged: 
 Data sizes:     COMMON   BANK0   BANK1
      Params:         0       2       0
      Locals:         0       1       0
      Temps:          0       0       0
      Totals:         0       3       0
Total ram usage:        3 bytes
 Hardware stack levels used:    1
 Hardware stack levels required when called:    3
 This function calls:
		Nothing
 This function is called by:
		_eventHandlerInit
		_eventHandlerService
		_init_Restart
		_initS1_Timeout
		_initS3_greenHigh
		_initS4_greenLow
		_initS5_redHigh
		_initS6_redLow
		_initS7_bothHigh
		_LEDInit
		_LEDService
		_beeperInit
		_beeperService
 This function uses a non-reentrant model


 *************** function _timerRead *****************
 Defined at:
		line 134 in file "../source/timer.c"
 Parameters:    Size  Location     Type
  index           1    wreg     unsigned char 
 Auto vars:     Size  Location     Type
  index           1    5[BANK0 ] unsigned char 
  result          2    3[BANK0 ] unsigned int 
 Return value:  Size  Location     Type
                  2    0[BANK0 ] unsigned int 
 Registers used:
		wreg, fsr1l, fsr1h, status,2, status,0
 Tracked objects:
		On entry : 
		On exit  : 
		Unchanged: 
 Data sizes:     COMMON   BANK0   BANK1
      Params:         0       3       0
      Locals:         0       3       0
      Temps:          0       0       0
      Totals:         0       6       0
Total ram usage:        6 bytes
 Hardware stack levels used:    1
 Hardware stack levels required when called:    3
 This function calls:
		Nothing
 This function is called by:
		_eventHandlerService
		_getInitEvent
		_getRunEvent
		_LEDService
		_beeperService
 This function uses a non-reentrant model


 *************** function _ISRCode *****************
 Defined at:
		line 32 in file "../source/interrupt.c"
 Parameters:    Size  Location     Type
		None
 Auto vars:     Size  Location     Type
		None
 Return value:  Size  Location     Type
                  1    wreg      void 
 Registers used:
		wreg, fsr1l, fsr1h, status,2, status,0, pclath, cstack
 Tracked objects:
		On entry : 
		On exit  : 
		Unchanged: 
 Data sizes:     COMMON   BANK0   BANK1
      Params:         0       0       0
      Locals:         0       0       0
      Temps:          1       0       0
      Totals:         1       0       0
Total ram usage:        1 bytes
 Hardware stack levels used:    1
 Hardware stack levels required when called:    2
 This function calls:
		_IOCInterrupt
		_timer2Interrupt
		_timerInterrupt
 This function is called by:
		Interrupt level 1
 This function uses a non-reentrant model


 *************** function _timerInterrupt *****************
 Defined at:
		line 54 in file "../source/timer.c"
 Parameters:    Size  Location     Type
		None
 Auto vars:     Size  Location     Type
  i               1    5[COMMON] unsigned char 
 Return value:  Size  Location     Type
                  1    wreg      void 
 Registers used:
		wreg, fsr1l, fsr1h, status,2, status,0
 Tracked objects:
		On entry : 
		On exit  : 
		Unchanged: 
 Data sizes:     COMMON   BANK0   BANK1
      Params:         0       0       0
      Locals:         1       0       0
      Temps:          5       0       0
      Totals:         6       0       0
Total ram usage:        6 bytes
 Hardware stack levels used:    1
 This function calls:
		Nothing
 This function is called by:
		_ISRCode
 This function uses a non-reentrant model


 *************** function _timer2Interrupt *****************
 Defined at:
		line 50 in file "../source/beeper.c"
 Parameters:    Size  Location     Type
		None
 Auto vars:     Size  Location     Type
  i               1    0        unsigned char 
 Return value:  Size  Location     Type
                  1    wreg      void 
 Registers used:
		wreg, status,2, status,0
 Tracked objects:
		On entry : 
		On exit  : 
		Unchanged: 
 Data sizes:     COMMON   BANK0   BANK1
      Params:         0       0       0
      Locals:         0       0       0
      Temps:          1       0       0
      Totals:         1       0       0
Total ram usage:        1 bytes
 Hardware stack levels used:    1
 This function calls:
		Nothing
 This function is called by:
		_ISRCode
 This function uses a non-reentrant model


 *************** function _IOCInterrupt *****************
 Defined at:
		line 43 in file "../source/eventhandler.c"
 Parameters:    Size  Location     Type
		None
 Auto vars:     Size  Location     Type
		None
 Return value:  Size  Location     Type
                  1    wreg      void 
 Registers used:
		wreg, fsr1l, fsr1h, status,2, status,0, pclath, cstack
 Tracked objects:
		On entry : 
		On exit  : 
		Unchanged: 
 Data sizes:     COMMON   BANK0   BANK1
      Params:         0       0       0
      Locals:         0       0       0
      Temps:          0       0       0
      Totals:         0       0       0
Total ram usage:        0 bytes
 Hardware stack levels used:    1
 Hardware stack levels required when called:    1
 This function calls:
		i1_timerSet
 This function is called by:
		_ISRCode
 This function uses a non-reentrant model


 *************** function i1_timerSet *****************
 Defined at:
		line 118 in file "../source/timer.c"
 Parameters:    Size  Location     Type
  index           1    wreg     unsigned char 
  duration        2    0[COMMON] unsigned int 
 Auto vars:     Size  Location     Type
  index           1    2[COMMON] unsigned char 
 Return value:  Size  Location     Type
                  1    wreg      void 
 Registers used:
		wreg, fsr1l, fsr1h, status,2, status,0
 Tracked objects:
		On entry : 
		On exit  : 
		Unchanged: 
 Data sizes:     COMMON   BANK0   BANK1
      Params:         2       0       0
      Locals:         1       0       0
      Temps:          0       0       0
      Totals:         3       0       0
Total ram usage:        3 bytes
 Hardware stack levels used:    1
 This function calls:
		Nothing
 This function is called by:
		_IOCInterrupt
 This function uses a non-reentrant model



MODULE INFORMATION

Module		Function		Class		Link	Load	Size
../source/beeper.c
		_beeperService 		CODE           	0207	0000	44
		_beeperInit    		CODE           	03F2	0000	16
		_beepRepeatedly		CODE           	0376	0000	24
		_timer2Interrupt		CODE           	0345	0000	27
		_timer2Init    		CODE           	0401	0000	16

../source/beeper.c estimated size: 127

C:\Program Files (x86)\Microchip\xc8\v1.41\sources\common\Umul16.c
		___wmul        		CODE           	02BF	0000	29

C:\Program Files (x86)\Microchip\xc8\v1.41\sources\common\Umul16.c estimated size: 29

../source/LED.c
		_flashLED      		CODE           	04C1	0000	12
		_LEDService    		CODE           	02F6	0000	28
		_LEDInit       		CODE           	04B5	0000	13

../source/LED.c estimated size: 53

../source/interrupt.c
		_initInterrupt 		CODE           	04E9	0000	4
		_ISRCode       		CODE           	0004	0000	14

../source/interrupt.c estimated size: 18

../source/timer.c
		_timerLock     		CODE           	041F	0000	16
		_timerRead     		CODE           	038D	0000	24
		_timerInit     		CODE           	03CE	0000	19
		_timerGet      		CODE           	044B	0000	15
		_timerSet      		CODE           	042E	0000	16
		_timerInterrupt		CODE           	00FA	0000	147
		_longTimerGet  		CODE           	043D	0000	15
		_longTimerSet  		CODE           	0311	0000	27
		_longTimerRead 		CODE           	0232	0000	43
		_longTimerLock 		CODE           	032B	0000	27

../source/timer.c estimated size: 349

../source/main.c
		_hardwareInit  		CODE           	0282	0000	33
		_kickWatchDog  		CODE           	04EC	0000	3
		_main          		CODE           	04E3	0000	7
		_initialise    		CODE           	035F	0000	24

../source/main.c estimated size: 67

shared
		_initStateTable		STRCODE        	0032	0000	145
		__initialization		CODE           	0012	0000	30
		i1_timerSet    		CODE           	0459	0000	15
		_runStateTable 		STRCODE        	00C2	0000	57

shared estimated size: 247

../source/eventhandler.c
		_runS3_GreenFlashing		CODE           	04F1	0000	2
		_runS3_Timeout 		CODE           	04F3	0000	2
		_IOCInterrupt  		CODE           	03A4	0000	23
		_run_NoAction  		CODE           	04FA	0000	2
		_initIOCInterrupt		CODE           	04CC	0000	12
		_eventHandlerInit		CODE           	025C	0000	39
		_initS7_bothHigh		CODE           	0467	0000	14
		_init_Restart  		CODE           	0410	0000	16
		_runS4_GreenSteadyLow		CODE           	04EF	0000	2
		_initS4_greenLow		CODE           	048E	0000	14
		_initS5_redHigh		CODE           	0481	0000	14
		_initS2_Timeout		CODE           	03BA	0000	21
		_runS1_Initialised		CODE           	04F8	0000	2
		_runS4_Timeout 		CODE           	04F0	0000	2
		_initS8_bothLow		CODE           	03E0	0000	19
		_runS1_Error   		CODE           	04F7	0000	2
		_initS3_greenHigh		CODE           	049B	0000	14
		_initS6_redLow 		CODE           	0474	0000	14
		_runS2_Error   		CODE           	04F5	0000	2
		_getInitEvent  		CODE           	02A2	0000	30
		_runS3_Error   		CODE           	04F2	0000	2
		_runS1_Timeout 		CODE           	04F9	0000	2
		_init_NoAction 		CODE           	04FB	0000	2
		_eventHandlerService		CODE           	018C	0000	124
		_runS2_BeepReceived		CODE           	04F4	0000	2
		_runS4_Error   		CODE           	04EE	0000	2
		_initS1_Timeout		CODE           	04A8	0000	14
		_getRunEvent   		CODE           	02DB	0000	28
		_runS2_Timeout 		CODE           	04F6	0000	2

../source/eventhandler.c estimated size: 424

